Archive member included to satisfy reference by file (symbol)

c:/program files (x86)/atmel/studio/7.0/toolchain/avr8/avr8-gnu-toolchain/bin/../lib/gcc/avr/5.4.0/avr5\libgcc.a(_udivmodhi4.o)
                              lcd_lib.o (__udivmodhi4)
c:/program files (x86)/atmel/studio/7.0/toolchain/avr8/avr8-gnu-toolchain/bin/../lib/gcc/avr/5.4.0/avr5\libgcc.a(_udivmodsi4.o)
                              new_dds_lib.o (__udivmodsi4)
c:/program files (x86)/atmel/studio/7.0/toolchain/avr8/avr8-gnu-toolchain/bin/../lib/gcc/avr/5.4.0/avr5\libgcc.a(_divmodsi4.o)
                              sound2.o (__divmodsi4)
c:/program files (x86)/atmel/studio/7.0/toolchain/avr8/avr8-gnu-toolchain/bin/../lib/gcc/avr/5.4.0/avr5\libgcc.a(_negsi2.o)
                              c:/program files (x86)/atmel/studio/7.0/toolchain/avr8/avr8-gnu-toolchain/bin/../lib/gcc/avr/5.4.0/avr5\libgcc.a(_divmodsi4.o) (__negsi2)
c:/program files (x86)/atmel/studio/7.0/toolchain/avr8/avr8-gnu-toolchain/bin/../lib/gcc/avr/5.4.0/avr5\libgcc.a(_exit.o)
                              C:/Program Files (x86)/Atmel/Studio/7.0/Packs/atmel/ATmega_DFP/1.2.150/gcc/dev/atmega328p/avr5/crtatmega328p.o (exit)
c:/program files (x86)/atmel/studio/7.0/toolchain/avr8/avr8-gnu-toolchain/bin/../lib/gcc/avr/5.4.0/avr5\libgcc.a(_clear_bss.o)
                              ee_freq_lib.o (__do_clear_bss)
c:/program files (x86)/atmel/studio/7.0/toolchain/avr8/avr8-gnu-toolchain/bin/../lib/gcc/avr/5.4.0/avr5\libgcc.a(_umulhisi3.o)
                              new_dds_lib.o (__umulhisi3)
c:/program files (x86)/atmel/studio/7.0/toolchain/avr8/avr8-gnu-toolchain/bin/../lib/gcc/avr/5.4.0/avr5\libgcc.a(_umulsidi3.o)
                              new_dds_lib.o (__umulsidi3)
c:/program files (x86)/atmel/studio/7.0/toolchain/avr8/avr8-gnu-toolchain/bin/../lib/gcc/avr/5.4.0/avr5\libgcc.a(_udivdi3.o)
                              new_dds_lib.o (__udivdi3)
c:/program files (x86)/atmel/studio/7.0/toolchain/avr8/avr8-gnu-toolchain/bin/../lib/gcc/avr/5.4.0/avr5\libgcc.a(_udivmod64.o)
                              c:/program files (x86)/atmel/studio/7.0/toolchain/avr8/avr8-gnu-toolchain/bin/../lib/gcc/avr/5.4.0/avr5\libgcc.a(_udivdi3.o) (__udivmod64)
c:/program files (x86)/atmel/studio/7.0/toolchain/avr8/avr8-gnu-toolchain/bin/../lib/gcc/avr/5.4.0/avr5\libgcc.a(_muldi3_6.o)
                              c:/program files (x86)/atmel/studio/7.0/toolchain/avr8/avr8-gnu-toolchain/bin/../lib/gcc/avr/5.4.0/avr5\libgcc.a(_umulsidi3.o) (__muldi3_6)
C:/Program Files (x86)/Atmel/Studio/7.0/Packs/atmel/ATmega_DFP/1.2.150/gcc/dev/atmega328p/avr5\libatmega328p.a(eerd_byte.o)
                              ee_freq_lib.o (eeprom_read_byte)
C:/Program Files (x86)/Atmel/Studio/7.0/Packs/atmel/ATmega_DFP/1.2.150/gcc/dev/atmega328p/avr5\libatmega328p.a(eerd_dword.o)
                              new_dds_lib.o (eeprom_read_dword)
C:/Program Files (x86)/Atmel/Studio/7.0/Packs/atmel/ATmega_DFP/1.2.150/gcc/dev/atmega328p/avr5\libatmega328p.a(eerd_word.o)
                              ee_freq_lib.o (eeprom_read_word)
C:/Program Files (x86)/Atmel/Studio/7.0/Packs/atmel/ATmega_DFP/1.2.150/gcc/dev/atmega328p/avr5\libatmega328p.a(eewr_byte.o)
                              ee_freq_lib.o (eeprom_write_byte)
C:/Program Files (x86)/Atmel/Studio/7.0/Packs/atmel/ATmega_DFP/1.2.150/gcc/dev/atmega328p/avr5\libatmega328p.a(eerd_block.o)
                              C:/Program Files (x86)/Atmel/Studio/7.0/Packs/atmel/ATmega_DFP/1.2.150/gcc/dev/atmega328p/avr5\libatmega328p.a(eerd_dword.o) (eeprom_read_blraw)

Allocating common symbols
Common symbol       size              file

_ee_names           0x42              ee_freq_lib.o

Discarded input sections

 .data          0x00000000        0x0 C:/Program Files (x86)/Atmel/Studio/7.0/Packs/atmel/ATmega_DFP/1.2.150/gcc/dev/atmega328p/avr5/crtatmega328p.o
 .bss           0x00000000        0x0 C:/Program Files (x86)/Atmel/Studio/7.0/Packs/atmel/ATmega_DFP/1.2.150/gcc/dev/atmega328p/avr5/crtatmega328p.o
 .text          0x00000000        0x0 ee_freq_lib.o
 .data          0x00000000        0x0 ee_freq_lib.o
 .bss           0x00000000        0x0 ee_freq_lib.o
 .text          0x00000000        0x0 encoder_lib.o
 .data          0x00000000        0x0 encoder_lib.o
 .bss           0x00000000        0x0 encoder_lib.o
 .text.is_encoder_event
                0x00000000       0x24 encoder_lib.o
 .text          0x00000000        0x0 lcd_lib.o
 .data          0x00000000        0x0 lcd_lib.o
 .bss           0x00000000        0x0 lcd_lib.o
 .text._lcd_i2c_stop
                0x00000000        0x8 lcd_lib.o
 .text.lcd_home
                0x00000000       0x1c lcd_lib.o
 .text.lcd_print_string
                0x00000000       0x18 lcd_lib.o
 .text.lcd_print_flash
                0x00000000       0x1e lcd_lib.o
 .text          0x00000000        0x0 lcd_rus_lib.o
 .data          0x00000000        0x0 lcd_rus_lib.o
 .bss           0x00000000        0x0 lcd_rus_lib.o
 .progmem.data.rus_yo
                0x00000000        0x8 lcd_rus_lib.o
 .text          0x00000000        0x0 main.o
 .data          0x00000000        0x0 main.o
 .bss           0x00000000        0x0 main.o
 .text          0x00000000        0x0 menu_lib.o
 .data          0x00000000        0x0 menu_lib.o
 .bss           0x00000000        0x0 menu_lib.o
 .text          0x00000000        0x0 new_dds_lib.o
 .data          0x00000000        0x0 new_dds_lib.o
 .bss           0x00000000        0x0 new_dds_lib.o
 .text          0x00000000        0x0 serial_lib.o
 .data          0x00000000        0x0 serial_lib.o
 .bss           0x00000000        0x0 serial_lib.o
 .text.serial_clear_rx
                0x00000000       0x10 serial_lib.o
 .text.serial_print_string
                0x00000000       0x18 serial_lib.o
 .text.serial_print_flash
                0x00000000       0x1e serial_lib.o
 .text          0x00000000        0x0 sound2.o
 .data          0x00000000        0x0 sound2.o
 .bss           0x00000000        0x0 sound2.o
 .text          0x00000000        0x0 c:/program files (x86)/atmel/studio/7.0/toolchain/avr8/avr8-gnu-toolchain/bin/../lib/gcc/avr/5.4.0/avr5\libgcc.a(_udivmodhi4.o)
 .data          0x00000000        0x0 c:/program files (x86)/atmel/studio/7.0/toolchain/avr8/avr8-gnu-toolchain/bin/../lib/gcc/avr/5.4.0/avr5\libgcc.a(_udivmodhi4.o)
 .bss           0x00000000        0x0 c:/program files (x86)/atmel/studio/7.0/toolchain/avr8/avr8-gnu-toolchain/bin/../lib/gcc/avr/5.4.0/avr5\libgcc.a(_udivmodhi4.o)
 .text.libgcc.mul
                0x00000000        0x0 c:/program files (x86)/atmel/studio/7.0/toolchain/avr8/avr8-gnu-toolchain/bin/../lib/gcc/avr/5.4.0/avr5\libgcc.a(_udivmodhi4.o)
 .text.libgcc   0x00000000        0x0 c:/program files (x86)/atmel/studio/7.0/toolchain/avr8/avr8-gnu-toolchain/bin/../lib/gcc/avr/5.4.0/avr5\libgcc.a(_udivmodhi4.o)
 .text.libgcc.prologue
                0x00000000        0x0 c:/program files (x86)/atmel/studio/7.0/toolchain/avr8/avr8-gnu-toolchain/bin/../lib/gcc/avr/5.4.0/avr5\libgcc.a(_udivmodhi4.o)
 .text.libgcc.builtins
                0x00000000        0x0 c:/program files (x86)/atmel/studio/7.0/toolchain/avr8/avr8-gnu-toolchain/bin/../lib/gcc/avr/5.4.0/avr5\libgcc.a(_udivmodhi4.o)
 .text.libgcc.fmul
                0x00000000        0x0 c:/program files (x86)/atmel/studio/7.0/toolchain/avr8/avr8-gnu-toolchain/bin/../lib/gcc/avr/5.4.0/avr5\libgcc.a(_udivmodhi4.o)
 .text.libgcc.fixed
                0x00000000        0x0 c:/program files (x86)/atmel/studio/7.0/toolchain/avr8/avr8-gnu-toolchain/bin/../lib/gcc/avr/5.4.0/avr5\libgcc.a(_udivmodhi4.o)
 .text          0x00000000        0x0 c:/program files (x86)/atmel/studio/7.0/toolchain/avr8/avr8-gnu-toolchain/bin/../lib/gcc/avr/5.4.0/avr5\libgcc.a(_udivmodsi4.o)
 .data          0x00000000        0x0 c:/program files (x86)/atmel/studio/7.0/toolchain/avr8/avr8-gnu-toolchain/bin/../lib/gcc/avr/5.4.0/avr5\libgcc.a(_udivmodsi4.o)
 .bss           0x00000000        0x0 c:/program files (x86)/atmel/studio/7.0/toolchain/avr8/avr8-gnu-toolchain/bin/../lib/gcc/avr/5.4.0/avr5\libgcc.a(_udivmodsi4.o)
 .text.libgcc.mul
                0x00000000        0x0 c:/program files (x86)/atmel/studio/7.0/toolchain/avr8/avr8-gnu-toolchain/bin/../lib/gcc/avr/5.4.0/avr5\libgcc.a(_udivmodsi4.o)
 .text.libgcc   0x00000000        0x0 c:/program files (x86)/atmel/studio/7.0/toolchain/avr8/avr8-gnu-toolchain/bin/../lib/gcc/avr/5.4.0/avr5\libgcc.a(_udivmodsi4.o)
 .text.libgcc.prologue
                0x00000000        0x0 c:/program files (x86)/atmel/studio/7.0/toolchain/avr8/avr8-gnu-toolchain/bin/../lib/gcc/avr/5.4.0/avr5\libgcc.a(_udivmodsi4.o)
 .text.libgcc.builtins
                0x00000000        0x0 c:/program files (x86)/atmel/studio/7.0/toolchain/avr8/avr8-gnu-toolchain/bin/../lib/gcc/avr/5.4.0/avr5\libgcc.a(_udivmodsi4.o)
 .text.libgcc.fmul
                0x00000000        0x0 c:/program files (x86)/atmel/studio/7.0/toolchain/avr8/avr8-gnu-toolchain/bin/../lib/gcc/avr/5.4.0/avr5\libgcc.a(_udivmodsi4.o)
 .text.libgcc.fixed
                0x00000000        0x0 c:/program files (x86)/atmel/studio/7.0/toolchain/avr8/avr8-gnu-toolchain/bin/../lib/gcc/avr/5.4.0/avr5\libgcc.a(_udivmodsi4.o)
 .text          0x00000000        0x0 c:/program files (x86)/atmel/studio/7.0/toolchain/avr8/avr8-gnu-toolchain/bin/../lib/gcc/avr/5.4.0/avr5\libgcc.a(_divmodsi4.o)
 .data          0x00000000        0x0 c:/program files (x86)/atmel/studio/7.0/toolchain/avr8/avr8-gnu-toolchain/bin/../lib/gcc/avr/5.4.0/avr5\libgcc.a(_divmodsi4.o)
 .bss           0x00000000        0x0 c:/program files (x86)/atmel/studio/7.0/toolchain/avr8/avr8-gnu-toolchain/bin/../lib/gcc/avr/5.4.0/avr5\libgcc.a(_divmodsi4.o)
 .text.libgcc.mul
                0x00000000        0x0 c:/program files (x86)/atmel/studio/7.0/toolchain/avr8/avr8-gnu-toolchain/bin/../lib/gcc/avr/5.4.0/avr5\libgcc.a(_divmodsi4.o)
 .text.libgcc   0x00000000        0x0 c:/program files (x86)/atmel/studio/7.0/toolchain/avr8/avr8-gnu-toolchain/bin/../lib/gcc/avr/5.4.0/avr5\libgcc.a(_divmodsi4.o)
 .text.libgcc.prologue
                0x00000000        0x0 c:/program files (x86)/atmel/studio/7.0/toolchain/avr8/avr8-gnu-toolchain/bin/../lib/gcc/avr/5.4.0/avr5\libgcc.a(_divmodsi4.o)
 .text.libgcc.builtins
                0x00000000        0x0 c:/program files (x86)/atmel/studio/7.0/toolchain/avr8/avr8-gnu-toolchain/bin/../lib/gcc/avr/5.4.0/avr5\libgcc.a(_divmodsi4.o)
 .text.libgcc.fmul
                0x00000000        0x0 c:/program files (x86)/atmel/studio/7.0/toolchain/avr8/avr8-gnu-toolchain/bin/../lib/gcc/avr/5.4.0/avr5\libgcc.a(_divmodsi4.o)
 .text.libgcc.fixed
                0x00000000        0x0 c:/program files (x86)/atmel/studio/7.0/toolchain/avr8/avr8-gnu-toolchain/bin/../lib/gcc/avr/5.4.0/avr5\libgcc.a(_divmodsi4.o)
 .text          0x00000000        0x0 c:/program files (x86)/atmel/studio/7.0/toolchain/avr8/avr8-gnu-toolchain/bin/../lib/gcc/avr/5.4.0/avr5\libgcc.a(_negsi2.o)
 .data          0x00000000        0x0 c:/program files (x86)/atmel/studio/7.0/toolchain/avr8/avr8-gnu-toolchain/bin/../lib/gcc/avr/5.4.0/avr5\libgcc.a(_negsi2.o)
 .bss           0x00000000        0x0 c:/program files (x86)/atmel/studio/7.0/toolchain/avr8/avr8-gnu-toolchain/bin/../lib/gcc/avr/5.4.0/avr5\libgcc.a(_negsi2.o)
 .text.libgcc.mul
                0x00000000        0x0 c:/program files (x86)/atmel/studio/7.0/toolchain/avr8/avr8-gnu-toolchain/bin/../lib/gcc/avr/5.4.0/avr5\libgcc.a(_negsi2.o)
 .text.libgcc   0x00000000        0x0 c:/program files (x86)/atmel/studio/7.0/toolchain/avr8/avr8-gnu-toolchain/bin/../lib/gcc/avr/5.4.0/avr5\libgcc.a(_negsi2.o)
 .text.libgcc.prologue
                0x00000000        0x0 c:/program files (x86)/atmel/studio/7.0/toolchain/avr8/avr8-gnu-toolchain/bin/../lib/gcc/avr/5.4.0/avr5\libgcc.a(_negsi2.o)
 .text.libgcc.builtins
                0x00000000        0x0 c:/program files (x86)/atmel/studio/7.0/toolchain/avr8/avr8-gnu-toolchain/bin/../lib/gcc/avr/5.4.0/avr5\libgcc.a(_negsi2.o)
 .text.libgcc.fmul
                0x00000000        0x0 c:/program files (x86)/atmel/studio/7.0/toolchain/avr8/avr8-gnu-toolchain/bin/../lib/gcc/avr/5.4.0/avr5\libgcc.a(_negsi2.o)
 .text.libgcc.fixed
                0x00000000        0x0 c:/program files (x86)/atmel/studio/7.0/toolchain/avr8/avr8-gnu-toolchain/bin/../lib/gcc/avr/5.4.0/avr5\libgcc.a(_negsi2.o)
 .text          0x00000000        0x0 c:/program files (x86)/atmel/studio/7.0/toolchain/avr8/avr8-gnu-toolchain/bin/../lib/gcc/avr/5.4.0/avr5\libgcc.a(_exit.o)
 .data          0x00000000        0x0 c:/program files (x86)/atmel/studio/7.0/toolchain/avr8/avr8-gnu-toolchain/bin/../lib/gcc/avr/5.4.0/avr5\libgcc.a(_exit.o)
 .bss           0x00000000        0x0 c:/program files (x86)/atmel/studio/7.0/toolchain/avr8/avr8-gnu-toolchain/bin/../lib/gcc/avr/5.4.0/avr5\libgcc.a(_exit.o)
 .text.libgcc.mul
                0x00000000        0x0 c:/program files (x86)/atmel/studio/7.0/toolchain/avr8/avr8-gnu-toolchain/bin/../lib/gcc/avr/5.4.0/avr5\libgcc.a(_exit.o)
 .text.libgcc.div
                0x00000000        0x0 c:/program files (x86)/atmel/studio/7.0/toolchain/avr8/avr8-gnu-toolchain/bin/../lib/gcc/avr/5.4.0/avr5\libgcc.a(_exit.o)
 .text.libgcc   0x00000000        0x0 c:/program files (x86)/atmel/studio/7.0/toolchain/avr8/avr8-gnu-toolchain/bin/../lib/gcc/avr/5.4.0/avr5\libgcc.a(_exit.o)
 .text.libgcc.prologue
                0x00000000        0x0 c:/program files (x86)/atmel/studio/7.0/toolchain/avr8/avr8-gnu-toolchain/bin/../lib/gcc/avr/5.4.0/avr5\libgcc.a(_exit.o)
 .text.libgcc.builtins
                0x00000000        0x0 c:/program files (x86)/atmel/studio/7.0/toolchain/avr8/avr8-gnu-toolchain/bin/../lib/gcc/avr/5.4.0/avr5\libgcc.a(_exit.o)
 .text.libgcc.fmul
                0x00000000        0x0 c:/program files (x86)/atmel/studio/7.0/toolchain/avr8/avr8-gnu-toolchain/bin/../lib/gcc/avr/5.4.0/avr5\libgcc.a(_exit.o)
 .text.libgcc.fixed
                0x00000000        0x0 c:/program files (x86)/atmel/studio/7.0/toolchain/avr8/avr8-gnu-toolchain/bin/../lib/gcc/avr/5.4.0/avr5\libgcc.a(_exit.o)
 .text          0x00000000        0x0 c:/program files (x86)/atmel/studio/7.0/toolchain/avr8/avr8-gnu-toolchain/bin/../lib/gcc/avr/5.4.0/avr5\libgcc.a(_clear_bss.o)
 .data          0x00000000        0x0 c:/program files (x86)/atmel/studio/7.0/toolchain/avr8/avr8-gnu-toolchain/bin/../lib/gcc/avr/5.4.0/avr5\libgcc.a(_clear_bss.o)
 .bss           0x00000000        0x0 c:/program files (x86)/atmel/studio/7.0/toolchain/avr8/avr8-gnu-toolchain/bin/../lib/gcc/avr/5.4.0/avr5\libgcc.a(_clear_bss.o)
 .text.libgcc.mul
                0x00000000        0x0 c:/program files (x86)/atmel/studio/7.0/toolchain/avr8/avr8-gnu-toolchain/bin/../lib/gcc/avr/5.4.0/avr5\libgcc.a(_clear_bss.o)
 .text.libgcc.div
                0x00000000        0x0 c:/program files (x86)/atmel/studio/7.0/toolchain/avr8/avr8-gnu-toolchain/bin/../lib/gcc/avr/5.4.0/avr5\libgcc.a(_clear_bss.o)
 .text.libgcc   0x00000000        0x0 c:/program files (x86)/atmel/studio/7.0/toolchain/avr8/avr8-gnu-toolchain/bin/../lib/gcc/avr/5.4.0/avr5\libgcc.a(_clear_bss.o)
 .text.libgcc.prologue
                0x00000000        0x0 c:/program files (x86)/atmel/studio/7.0/toolchain/avr8/avr8-gnu-toolchain/bin/../lib/gcc/avr/5.4.0/avr5\libgcc.a(_clear_bss.o)
 .text.libgcc.builtins
                0x00000000        0x0 c:/program files (x86)/atmel/studio/7.0/toolchain/avr8/avr8-gnu-toolchain/bin/../lib/gcc/avr/5.4.0/avr5\libgcc.a(_clear_bss.o)
 .text.libgcc.fmul
                0x00000000        0x0 c:/program files (x86)/atmel/studio/7.0/toolchain/avr8/avr8-gnu-toolchain/bin/../lib/gcc/avr/5.4.0/avr5\libgcc.a(_clear_bss.o)
 .text.libgcc.fixed
                0x00000000        0x0 c:/program files (x86)/atmel/studio/7.0/toolchain/avr8/avr8-gnu-toolchain/bin/../lib/gcc/avr/5.4.0/avr5\libgcc.a(_clear_bss.o)
 .text          0x00000000        0x0 c:/program files (x86)/atmel/studio/7.0/toolchain/avr8/avr8-gnu-toolchain/bin/../lib/gcc/avr/5.4.0/avr5\libgcc.a(_umulhisi3.o)
 .data          0x00000000        0x0 c:/program files (x86)/atmel/studio/7.0/toolchain/avr8/avr8-gnu-toolchain/bin/../lib/gcc/avr/5.4.0/avr5\libgcc.a(_umulhisi3.o)
 .bss           0x00000000        0x0 c:/program files (x86)/atmel/studio/7.0/toolchain/avr8/avr8-gnu-toolchain/bin/../lib/gcc/avr/5.4.0/avr5\libgcc.a(_umulhisi3.o)
 .text.libgcc.div
                0x00000000        0x0 c:/program files (x86)/atmel/studio/7.0/toolchain/avr8/avr8-gnu-toolchain/bin/../lib/gcc/avr/5.4.0/avr5\libgcc.a(_umulhisi3.o)
 .text.libgcc   0x00000000        0x0 c:/program files (x86)/atmel/studio/7.0/toolchain/avr8/avr8-gnu-toolchain/bin/../lib/gcc/avr/5.4.0/avr5\libgcc.a(_umulhisi3.o)
 .text.libgcc.prologue
                0x00000000        0x0 c:/program files (x86)/atmel/studio/7.0/toolchain/avr8/avr8-gnu-toolchain/bin/../lib/gcc/avr/5.4.0/avr5\libgcc.a(_umulhisi3.o)
 .text.libgcc.builtins
                0x00000000        0x0 c:/program files (x86)/atmel/studio/7.0/toolchain/avr8/avr8-gnu-toolchain/bin/../lib/gcc/avr/5.4.0/avr5\libgcc.a(_umulhisi3.o)
 .text.libgcc.fmul
                0x00000000        0x0 c:/program files (x86)/atmel/studio/7.0/toolchain/avr8/avr8-gnu-toolchain/bin/../lib/gcc/avr/5.4.0/avr5\libgcc.a(_umulhisi3.o)
 .text.libgcc.fixed
                0x00000000        0x0 c:/program files (x86)/atmel/studio/7.0/toolchain/avr8/avr8-gnu-toolchain/bin/../lib/gcc/avr/5.4.0/avr5\libgcc.a(_umulhisi3.o)
 .text          0x00000000        0x0 c:/program files (x86)/atmel/studio/7.0/toolchain/avr8/avr8-gnu-toolchain/bin/../lib/gcc/avr/5.4.0/avr5\libgcc.a(_umulsidi3.o)
 .data          0x00000000        0x0 c:/program files (x86)/atmel/studio/7.0/toolchain/avr8/avr8-gnu-toolchain/bin/../lib/gcc/avr/5.4.0/avr5\libgcc.a(_umulsidi3.o)
 .bss           0x00000000        0x0 c:/program files (x86)/atmel/studio/7.0/toolchain/avr8/avr8-gnu-toolchain/bin/../lib/gcc/avr/5.4.0/avr5\libgcc.a(_umulsidi3.o)
 .text.libgcc.div
                0x00000000        0x0 c:/program files (x86)/atmel/studio/7.0/toolchain/avr8/avr8-gnu-toolchain/bin/../lib/gcc/avr/5.4.0/avr5\libgcc.a(_umulsidi3.o)
 .text.libgcc   0x00000000        0x0 c:/program files (x86)/atmel/studio/7.0/toolchain/avr8/avr8-gnu-toolchain/bin/../lib/gcc/avr/5.4.0/avr5\libgcc.a(_umulsidi3.o)
 .text.libgcc.prologue
                0x00000000        0x0 c:/program files (x86)/atmel/studio/7.0/toolchain/avr8/avr8-gnu-toolchain/bin/../lib/gcc/avr/5.4.0/avr5\libgcc.a(_umulsidi3.o)
 .text.libgcc.builtins
                0x00000000        0x0 c:/program files (x86)/atmel/studio/7.0/toolchain/avr8/avr8-gnu-toolchain/bin/../lib/gcc/avr/5.4.0/avr5\libgcc.a(_umulsidi3.o)
 .text.libgcc.fmul
                0x00000000        0x0 c:/program files (x86)/atmel/studio/7.0/toolchain/avr8/avr8-gnu-toolchain/bin/../lib/gcc/avr/5.4.0/avr5\libgcc.a(_umulsidi3.o)
 .text.libgcc.fixed
                0x00000000        0x0 c:/program files (x86)/atmel/studio/7.0/toolchain/avr8/avr8-gnu-toolchain/bin/../lib/gcc/avr/5.4.0/avr5\libgcc.a(_umulsidi3.o)
 .text          0x00000000        0x0 c:/program files (x86)/atmel/studio/7.0/toolchain/avr8/avr8-gnu-toolchain/bin/../lib/gcc/avr/5.4.0/avr5\libgcc.a(_udivdi3.o)
 .data          0x00000000        0x0 c:/program files (x86)/atmel/studio/7.0/toolchain/avr8/avr8-gnu-toolchain/bin/../lib/gcc/avr/5.4.0/avr5\libgcc.a(_udivdi3.o)
 .bss           0x00000000        0x0 c:/program files (x86)/atmel/studio/7.0/toolchain/avr8/avr8-gnu-toolchain/bin/../lib/gcc/avr/5.4.0/avr5\libgcc.a(_udivdi3.o)
 .text.libgcc.mul
                0x00000000        0x0 c:/program files (x86)/atmel/studio/7.0/toolchain/avr8/avr8-gnu-toolchain/bin/../lib/gcc/avr/5.4.0/avr5\libgcc.a(_udivdi3.o)
 .text.libgcc   0x00000000        0x0 c:/program files (x86)/atmel/studio/7.0/toolchain/avr8/avr8-gnu-toolchain/bin/../lib/gcc/avr/5.4.0/avr5\libgcc.a(_udivdi3.o)
 .text.libgcc.prologue
                0x00000000        0x0 c:/program files (x86)/atmel/studio/7.0/toolchain/avr8/avr8-gnu-toolchain/bin/../lib/gcc/avr/5.4.0/avr5\libgcc.a(_udivdi3.o)
 .text.libgcc.builtins
                0x00000000        0x0 c:/program files (x86)/atmel/studio/7.0/toolchain/avr8/avr8-gnu-toolchain/bin/../lib/gcc/avr/5.4.0/avr5\libgcc.a(_udivdi3.o)
 .text.libgcc.fmul
                0x00000000        0x0 c:/program files (x86)/atmel/studio/7.0/toolchain/avr8/avr8-gnu-toolchain/bin/../lib/gcc/avr/5.4.0/avr5\libgcc.a(_udivdi3.o)
 .text.libgcc.fixed
                0x00000000        0x0 c:/program files (x86)/atmel/studio/7.0/toolchain/avr8/avr8-gnu-toolchain/bin/../lib/gcc/avr/5.4.0/avr5\libgcc.a(_udivdi3.o)
 .text          0x00000000        0x0 c:/program files (x86)/atmel/studio/7.0/toolchain/avr8/avr8-gnu-toolchain/bin/../lib/gcc/avr/5.4.0/avr5\libgcc.a(_udivmod64.o)
 .data          0x00000000        0x0 c:/program files (x86)/atmel/studio/7.0/toolchain/avr8/avr8-gnu-toolchain/bin/../lib/gcc/avr/5.4.0/avr5\libgcc.a(_udivmod64.o)
 .bss           0x00000000        0x0 c:/program files (x86)/atmel/studio/7.0/toolchain/avr8/avr8-gnu-toolchain/bin/../lib/gcc/avr/5.4.0/avr5\libgcc.a(_udivmod64.o)
 .text.libgcc.mul
                0x00000000        0x0 c:/program files (x86)/atmel/studio/7.0/toolchain/avr8/avr8-gnu-toolchain/bin/../lib/gcc/avr/5.4.0/avr5\libgcc.a(_udivmod64.o)
 .text.libgcc   0x00000000        0x0 c:/program files (x86)/atmel/studio/7.0/toolchain/avr8/avr8-gnu-toolchain/bin/../lib/gcc/avr/5.4.0/avr5\libgcc.a(_udivmod64.o)
 .text.libgcc.prologue
                0x00000000        0x0 c:/program files (x86)/atmel/studio/7.0/toolchain/avr8/avr8-gnu-toolchain/bin/../lib/gcc/avr/5.4.0/avr5\libgcc.a(_udivmod64.o)
 .text.libgcc.builtins
                0x00000000        0x0 c:/program files (x86)/atmel/studio/7.0/toolchain/avr8/avr8-gnu-toolchain/bin/../lib/gcc/avr/5.4.0/avr5\libgcc.a(_udivmod64.o)
 .text.libgcc.fmul
                0x00000000        0x0 c:/program files (x86)/atmel/studio/7.0/toolchain/avr8/avr8-gnu-toolchain/bin/../lib/gcc/avr/5.4.0/avr5\libgcc.a(_udivmod64.o)
 .text.libgcc.fixed
                0x00000000        0x0 c:/program files (x86)/atmel/studio/7.0/toolchain/avr8/avr8-gnu-toolchain/bin/../lib/gcc/avr/5.4.0/avr5\libgcc.a(_udivmod64.o)
 .text          0x00000000        0x0 c:/program files (x86)/atmel/studio/7.0/toolchain/avr8/avr8-gnu-toolchain/bin/../lib/gcc/avr/5.4.0/avr5\libgcc.a(_muldi3_6.o)
 .data          0x00000000        0x0 c:/program files (x86)/atmel/studio/7.0/toolchain/avr8/avr8-gnu-toolchain/bin/../lib/gcc/avr/5.4.0/avr5\libgcc.a(_muldi3_6.o)
 .bss           0x00000000        0x0 c:/program files (x86)/atmel/studio/7.0/toolchain/avr8/avr8-gnu-toolchain/bin/../lib/gcc/avr/5.4.0/avr5\libgcc.a(_muldi3_6.o)
 .text.libgcc.div
                0x00000000        0x0 c:/program files (x86)/atmel/studio/7.0/toolchain/avr8/avr8-gnu-toolchain/bin/../lib/gcc/avr/5.4.0/avr5\libgcc.a(_muldi3_6.o)
 .text.libgcc   0x00000000        0x0 c:/program files (x86)/atmel/studio/7.0/toolchain/avr8/avr8-gnu-toolchain/bin/../lib/gcc/avr/5.4.0/avr5\libgcc.a(_muldi3_6.o)
 .text.libgcc.prologue
                0x00000000        0x0 c:/program files (x86)/atmel/studio/7.0/toolchain/avr8/avr8-gnu-toolchain/bin/../lib/gcc/avr/5.4.0/avr5\libgcc.a(_muldi3_6.o)
 .text.libgcc.builtins
                0x00000000        0x0 c:/program files (x86)/atmel/studio/7.0/toolchain/avr8/avr8-gnu-toolchain/bin/../lib/gcc/avr/5.4.0/avr5\libgcc.a(_muldi3_6.o)
 .text.libgcc.fmul
                0x00000000        0x0 c:/program files (x86)/atmel/studio/7.0/toolchain/avr8/avr8-gnu-toolchain/bin/../lib/gcc/avr/5.4.0/avr5\libgcc.a(_muldi3_6.o)
 .text.libgcc.fixed
                0x00000000        0x0 c:/program files (x86)/atmel/studio/7.0/toolchain/avr8/avr8-gnu-toolchain/bin/../lib/gcc/avr/5.4.0/avr5\libgcc.a(_muldi3_6.o)
 .text          0x00000000        0x0 C:/Program Files (x86)/Atmel/Studio/7.0/Packs/atmel/ATmega_DFP/1.2.150/gcc/dev/atmega328p/avr5\libatmega328p.a(eerd_byte.o)
 .data          0x00000000        0x0 C:/Program Files (x86)/Atmel/Studio/7.0/Packs/atmel/ATmega_DFP/1.2.150/gcc/dev/atmega328p/avr5\libatmega328p.a(eerd_byte.o)
 .bss           0x00000000        0x0 C:/Program Files (x86)/Atmel/Studio/7.0/Packs/atmel/ATmega_DFP/1.2.150/gcc/dev/atmega328p/avr5\libatmega328p.a(eerd_byte.o)
 .text          0x00000000        0x0 C:/Program Files (x86)/Atmel/Studio/7.0/Packs/atmel/ATmega_DFP/1.2.150/gcc/dev/atmega328p/avr5\libatmega328p.a(eerd_dword.o)
 .data          0x00000000        0x0 C:/Program Files (x86)/Atmel/Studio/7.0/Packs/atmel/ATmega_DFP/1.2.150/gcc/dev/atmega328p/avr5\libatmega328p.a(eerd_dword.o)
 .bss           0x00000000        0x0 C:/Program Files (x86)/Atmel/Studio/7.0/Packs/atmel/ATmega_DFP/1.2.150/gcc/dev/atmega328p/avr5\libatmega328p.a(eerd_dword.o)
 .text          0x00000000        0x0 C:/Program Files (x86)/Atmel/Studio/7.0/Packs/atmel/ATmega_DFP/1.2.150/gcc/dev/atmega328p/avr5\libatmega328p.a(eerd_word.o)
 .data          0x00000000        0x0 C:/Program Files (x86)/Atmel/Studio/7.0/Packs/atmel/ATmega_DFP/1.2.150/gcc/dev/atmega328p/avr5\libatmega328p.a(eerd_word.o)
 .bss           0x00000000        0x0 C:/Program Files (x86)/Atmel/Studio/7.0/Packs/atmel/ATmega_DFP/1.2.150/gcc/dev/atmega328p/avr5\libatmega328p.a(eerd_word.o)
 .text          0x00000000        0x0 C:/Program Files (x86)/Atmel/Studio/7.0/Packs/atmel/ATmega_DFP/1.2.150/gcc/dev/atmega328p/avr5\libatmega328p.a(eewr_byte.o)
 .data          0x00000000        0x0 C:/Program Files (x86)/Atmel/Studio/7.0/Packs/atmel/ATmega_DFP/1.2.150/gcc/dev/atmega328p/avr5\libatmega328p.a(eewr_byte.o)
 .bss           0x00000000        0x0 C:/Program Files (x86)/Atmel/Studio/7.0/Packs/atmel/ATmega_DFP/1.2.150/gcc/dev/atmega328p/avr5\libatmega328p.a(eewr_byte.o)
 .text          0x00000000        0x0 C:/Program Files (x86)/Atmel/Studio/7.0/Packs/atmel/ATmega_DFP/1.2.150/gcc/dev/atmega328p/avr5\libatmega328p.a(eerd_block.o)
 .data          0x00000000        0x0 C:/Program Files (x86)/Atmel/Studio/7.0/Packs/atmel/ATmega_DFP/1.2.150/gcc/dev/atmega328p/avr5\libatmega328p.a(eerd_block.o)
 .bss           0x00000000        0x0 C:/Program Files (x86)/Atmel/Studio/7.0/Packs/atmel/ATmega_DFP/1.2.150/gcc/dev/atmega328p/avr5\libatmega328p.a(eerd_block.o)

Memory Configuration

Name             Origin             Length             Attributes
text             0x00000000         0x00020000         xr
data             0x00800060         0x0000ffa0         rw !x
eeprom           0x00810000         0x00010000         rw !x
fuse             0x00820000         0x00000003         rw !x
lock             0x00830000         0x00000400         rw !x
signature        0x00840000         0x00000400         rw !x
user_signatures  0x00850000         0x00000400         rw !x
*default*        0x00000000         0xffffffff

Linker script and memory map

Address of section .data set to 0x800100
LOAD C:/Program Files (x86)/Atmel/Studio/7.0/Packs/atmel/ATmega_DFP/1.2.150/gcc/dev/atmega328p/avr5/crtatmega328p.o
LOAD ee_freq_lib.o
LOAD encoder_lib.o
LOAD lcd_lib.o
LOAD lcd_rus_lib.o
LOAD main.o
LOAD menu_lib.o
LOAD new_dds_lib.o
LOAD serial_lib.o
LOAD sound2.o
START GROUP
LOAD c:/program files (x86)/atmel/studio/7.0/toolchain/avr8/avr8-gnu-toolchain/bin/../lib/gcc/avr/5.4.0/../../../../avr/lib/avr5\libm.a
END GROUP
START GROUP
LOAD c:/program files (x86)/atmel/studio/7.0/toolchain/avr8/avr8-gnu-toolchain/bin/../lib/gcc/avr/5.4.0/avr5\libgcc.a
LOAD c:/program files (x86)/atmel/studio/7.0/toolchain/avr8/avr8-gnu-toolchain/bin/../lib/gcc/avr/5.4.0/../../../../avr/lib/avr5\libm.a
LOAD c:/program files (x86)/atmel/studio/7.0/toolchain/avr8/avr8-gnu-toolchain/bin/../lib/gcc/avr/5.4.0/../../../../avr/lib/avr5\libc.a
LOAD C:/Program Files (x86)/Atmel/Studio/7.0/Packs/atmel/ATmega_DFP/1.2.150/gcc/dev/atmega328p/avr5\libatmega328p.a
END GROUP
                0x00020000                __TEXT_REGION_LENGTH__ = DEFINED (__TEXT_REGION_LENGTH__)?__TEXT_REGION_LENGTH__:0x20000
                0x0000ffa0                __DATA_REGION_LENGTH__ = DEFINED (__DATA_REGION_LENGTH__)?__DATA_REGION_LENGTH__:0xffa0
                0x00010000                __EEPROM_REGION_LENGTH__ = DEFINED (__EEPROM_REGION_LENGTH__)?__EEPROM_REGION_LENGTH__:0x10000
                [0x00000003]                __FUSE_REGION_LENGTH__ = DEFINED (__FUSE_REGION_LENGTH__)?__FUSE_REGION_LENGTH__:0x400
                0x00000400                __LOCK_REGION_LENGTH__ = DEFINED (__LOCK_REGION_LENGTH__)?__LOCK_REGION_LENGTH__:0x400
                0x00000400                __SIGNATURE_REGION_LENGTH__ = DEFINED (__SIGNATURE_REGION_LENGTH__)?__SIGNATURE_REGION_LENGTH__:0x400
                0x00000400                __USER_SIGNATURE_REGION_LENGTH__ = DEFINED (__USER_SIGNATURE_REGION_LENGTH__)?__USER_SIGNATURE_REGION_LENGTH__:0x400

.hash
 *(.hash)

.dynsym
 *(.dynsym)

.dynstr
 *(.dynstr)

.gnu.version
 *(.gnu.version)

.gnu.version_d
 *(.gnu.version_d)

.gnu.version_r
 *(.gnu.version_r)

.rel.init
 *(.rel.init)

.rela.init
 *(.rela.init)

.rel.text
 *(.rel.text)
 *(.rel.text.*)
 *(.rel.gnu.linkonce.t*)

.rela.text
 *(.rela.text)
 *(.rela.text.*)
 *(.rela.gnu.linkonce.t*)

.rel.fini
 *(.rel.fini)

.rela.fini
 *(.rela.fini)

.rel.rodata
 *(.rel.rodata)
 *(.rel.rodata.*)
 *(.rel.gnu.linkonce.r*)

.rela.rodata
 *(.rela.rodata)
 *(.rela.rodata.*)
 *(.rela.gnu.linkonce.r*)

.rel.data
 *(.rel.data)
 *(.rel.data.*)
 *(.rel.gnu.linkonce.d*)

.rela.data
 *(.rela.data)
 *(.rela.data.*)
 *(.rela.gnu.linkonce.d*)

.rel.ctors
 *(.rel.ctors)

.rela.ctors
 *(.rela.ctors)

.rel.dtors
 *(.rel.dtors)

.rela.dtors
 *(.rela.dtors)

.rel.got
 *(.rel.got)

.rela.got
 *(.rela.got)

.rel.bss
 *(.rel.bss)

.rela.bss
 *(.rela.bss)

.rel.plt
 *(.rel.plt)

.rela.plt
 *(.rela.plt)

.text           0x00000000     0x3d1c
 *(.vectors)
 .vectors       0x00000000       0x68 C:/Program Files (x86)/Atmel/Studio/7.0/Packs/atmel/ATmega_DFP/1.2.150/gcc/dev/atmega328p/avr5/crtatmega328p.o
                0x00000000                __vector_default
                0x00000000                __vectors
 *(.vectors)
 *(.progmem.gcc*)
                0x00000068                . = ALIGN (0x2)
                0x00000068                __trampolines_start = .
 *(.trampolines)
 .trampolines   0x00000068        0x0 linker stubs
 *(.trampolines*)
                0x00000068                __trampolines_end = .
 *libprintf_flt.a:*(.progmem.data)
 *libc.a:*(.progmem.data)
 *(.progmem*)
 .progmem.data.char_gen
                0x00000068       0x80 lcd_rus_lib.o
                0x00000068                char_gen
 .progmem.data.rus_ya
                0x000000e8        0x8 lcd_rus_lib.o
                0x000000e8                rus_ya
 .progmem.data.rus_yu
                0x000000f0        0x8 lcd_rus_lib.o
                0x000000f0                rus_yu
 .progmem.data.rus_ee
                0x000000f8        0x8 lcd_rus_lib.o
                0x000000f8                rus_ee
 .progmem.data.rus_myagk_mal
                0x00000100        0x8 lcd_rus_lib.o
                0x00000100                rus_myagk_mal
 .progmem.data.rus_y
                0x00000108        0x8 lcd_rus_lib.o
                0x00000108                rus_y
 .progmem.data.rus_tverd_mal
                0x00000110        0x8 lcd_rus_lib.o
                0x00000110                rus_tverd_mal
 .progmem.data.rus_sch
                0x00000118        0x8 lcd_rus_lib.o
                0x00000118                rus_sch
 .progmem.data.rus_sh
                0x00000120        0x8 lcd_rus_lib.o
                0x00000120                rus_sh
 .progmem.data.rus_ch
                0x00000128        0x8 lcd_rus_lib.o
                0x00000128                rus_ch
 .progmem.data.rus_ts
                0x00000130        0x8 lcd_rus_lib.o
                0x00000130                rus_ts
 .progmem.data.rus_f
                0x00000138        0x8 lcd_rus_lib.o
                0x00000138                rus_f
 .progmem.data.rus_t
                0x00000140        0x8 lcd_rus_lib.o
                0x00000140                rus_t
 .progmem.data.rus_p
                0x00000148        0x8 lcd_rus_lib.o
                0x00000148                rus_p
 .progmem.data.rus_n
                0x00000150        0x8 lcd_rus_lib.o
                0x00000150                rus_n
 .progmem.data.rus_m
                0x00000158        0x8 lcd_rus_lib.o
                0x00000158                rus_m
 .progmem.data.rus_l
                0x00000160        0x8 lcd_rus_lib.o
                0x00000160                rus_l
 .progmem.data.rus_k
                0x00000168        0x8 lcd_rus_lib.o
                0x00000168                rus_k
 .progmem.data.rus_ii
                0x00000170        0x8 lcd_rus_lib.o
                0x00000170                rus_ii
 .progmem.data.rus_i
                0x00000178        0x8 lcd_rus_lib.o
                0x00000178                rus_i
 .progmem.data.rus_z
                0x00000180        0x8 lcd_rus_lib.o
                0x00000180                rus_z
 .progmem.data.rus_zh
                0x00000188        0x8 lcd_rus_lib.o
                0x00000188                rus_zh
 .progmem.data.rus_d
                0x00000190        0x8 lcd_rus_lib.o
                0x00000190                rus_d
 .progmem.data.rus_g
                0x00000198        0x8 lcd_rus_lib.o
                0x00000198                rus_g
 .progmem.data.rus_v
                0x000001a0        0x8 lcd_rus_lib.o
                0x000001a0                rus_v
 .progmem.data.rus_b
                0x000001a8        0x8 lcd_rus_lib.o
                0x000001a8                rus_b
 .progmem.data.rus_YA
                0x000001b0        0x8 lcd_rus_lib.o
                0x000001b0                rus_YA
 .progmem.data.rus_YU
                0x000001b8        0x8 lcd_rus_lib.o
                0x000001b8                rus_YU
 .progmem.data.rus_EE
                0x000001c0        0x8 lcd_rus_lib.o
                0x000001c0                rus_EE
 .progmem.data.rus_myagk
                0x000001c8        0x8 lcd_rus_lib.o
                0x000001c8                rus_myagk
 .progmem.data.rus_Y
                0x000001d0        0x8 lcd_rus_lib.o
                0x000001d0                rus_Y
 .progmem.data.rus_tverd
                0x000001d8        0x8 lcd_rus_lib.o
                0x000001d8                rus_tverd
 .progmem.data.rus_SCH
                0x000001e0        0x8 lcd_rus_lib.o
                0x000001e0                rus_SCH
 .progmem.data.rus_SH
                0x000001e8        0x8 lcd_rus_lib.o
                0x000001e8                rus_SH
 .progmem.data.rus_CH
                0x000001f0        0x8 lcd_rus_lib.o
                0x000001f0                rus_CH
 .progmem.data.rus_TS
                0x000001f8        0x8 lcd_rus_lib.o
                0x000001f8                rus_TS
 .progmem.data.rus_F
                0x00000200        0x8 lcd_rus_lib.o
                0x00000200                rus_F
 .progmem.data.rus_U
                0x00000208        0x8 lcd_rus_lib.o
                0x00000208                rus_U
 .progmem.data.rus_P
                0x00000210        0x8 lcd_rus_lib.o
                0x00000210                rus_P
 .progmem.data.rus_L
                0x00000218        0x8 lcd_rus_lib.o
                0x00000218                rus_L
 .progmem.data.rus_II
                0x00000220        0x8 lcd_rus_lib.o
                0x00000220                rus_II
 .progmem.data.rus_I
                0x00000228        0x8 lcd_rus_lib.o
                0x00000228                rus_I
 .progmem.data.rus_Z
                0x00000230        0x8 lcd_rus_lib.o
                0x00000230                rus_Z
 .progmem.data.rus_ZH
                0x00000238        0x8 lcd_rus_lib.o
                0x00000238                rus_ZH
 .progmem.data.rus_D
                0x00000240        0x8 lcd_rus_lib.o
                0x00000240                rus_D
 .progmem.data.rus_G
                0x00000248        0x8 lcd_rus_lib.o
                0x00000248                rus_G
 .progmem.data.rus_B
                0x00000250        0x8 lcd_rus_lib.o
                0x00000250                rus_B
 .progmem.data.start_gorn
                0x00000258       0x12 main.o
                0x00000258                start_gorn
 .progmem.data.main_menu
                0x0000026a        0x6 main.o
                0x0000026a                main_menu
 .progmem.data.m2
                0x00000270        0xf main.o
                0x00000270                m2
 .progmem.data.m1
                0x0000027f        0xf main.o
                0x0000027f                m1
 .progmem.data.s2
                0x0000028e        0xd main.o
                0x0000028e                s2
 .progmem.data.s1
                0x0000029b       0x11 main.o
                0x0000029b                s1
 .progmem.data._str_ret
                0x000002ac        0xb menu_lib.o
                0x000002ac                _str_ret
 .progmem.data.to
                0x000002b7        0xf new_dds_lib.o
                0x000002b7                to
 .progmem.data.msg_brk
                0x000002c6       0x10 new_dds_lib.o
                0x000002c6                msg_brk
 .progmem.data.msg_end2
                0x000002d6        0xa new_dds_lib.o
                0x000002d6                msg_end2
 .progmem.data.msg_end1
                0x000002e0        0xa new_dds_lib.o
                0x000002e0                msg_end1
 .progmem.data.msg_start2
                0x000002ea        0xe new_dds_lib.o
                0x000002ea                msg_start2
 .progmem.data.msg_start1
                0x000002f8       0x11 new_dds_lib.o
                0x000002f8                msg_start1
 .progmem.data.oops
                0x00000309        0xc new_dds_lib.o
                0x00000309                oops
 .progmem.data.sound_s2
                0x00000315        0xc new_dds_lib.o
                0x00000315                sound_s2
 .progmem.data.sound_s1
                0x00000321        0xe new_dds_lib.o
                0x00000321                sound_s1
 .progmem.data.pg_secs
                0x0000032f       0x1a new_dds_lib.o
                0x0000032f                pg_secs
 .progmem.data.pg_nums
                0x00000349       0x1a new_dds_lib.o
                0x00000349                pg_nums
 .progmem.data.pg_freqs
                0x00000363       0x1a new_dds_lib.o
                0x00000363                pg_freqs
 .progmem.data.pg_names
                0x0000037d       0x1a new_dds_lib.o
                0x0000037d                pg_names
 .progmem.data.pg_menu
                0x00000397       0x1c new_dds_lib.o
                0x00000397                pg_menu
 .progmem.data.pg_t13
                0x000003b3        0xe new_dds_lib.o
                0x000003b3                pg_t13
 .progmem.data.pg_j13
                0x000003c1        0x7 new_dds_lib.o
                0x000003c1                pg_j13
 .progmem.data.pg_f13
                0x000003c8        0xe new_dds_lib.o
                0x000003c8                pg_f13
 .progmem.data.pg_n13
                0x000003d6       0x10 new_dds_lib.o
                0x000003d6                pg_n13
 .progmem.data.f13_07
                0x000003e6       0x2c new_dds_lib.o
                0x000003e6                f13_07
 .progmem.data.n13_07
                0x00000412        0xe new_dds_lib.o
                0x00000412                n13_07
 .progmem.data.f13_06
                0x00000420       0x74 new_dds_lib.o
                0x00000420                f13_06
 .progmem.data.n13_06
                0x00000494        0xb new_dds_lib.o
                0x00000494                n13_06
 .progmem.data.f13_05
                0x0000049f       0x64 new_dds_lib.o
                0x0000049f                f13_05
 .progmem.data.n13_05
                0x00000503        0xd new_dds_lib.o
                0x00000503                n13_05
 .progmem.data.f13_04
                0x00000510       0x2c new_dds_lib.o
                0x00000510                f13_04
 .progmem.data.n13_04
                0x0000053c       0x10 new_dds_lib.o
                0x0000053c                n13_04
 .progmem.data.f13_03
                0x0000054c       0x10 new_dds_lib.o
                0x0000054c                f13_03
 .progmem.data.n13_03
                0x0000055c        0x9 new_dds_lib.o
                0x0000055c                n13_03
 .progmem.data.f13_02
                0x00000565       0x28 new_dds_lib.o
                0x00000565                f13_02
 .progmem.data.n13_02
                0x0000058d       0x10 new_dds_lib.o
                0x0000058d                n13_02
 .progmem.data.f13_01
                0x0000059d        0xc new_dds_lib.o
                0x0000059d                f13_01
 .progmem.data.n13_01
                0x000005a9       0x10 new_dds_lib.o
                0x000005a9                n13_01
 .progmem.data.pg_13
                0x000005b9        0x6 new_dds_lib.o
                0x000005b9                pg_13
 .progmem.data.pg_t12
                0x000005bf        0xa new_dds_lib.o
                0x000005bf                pg_t12
 .progmem.data.pg_j12
                0x000005c9        0x5 new_dds_lib.o
                0x000005c9                pg_j12
 .progmem.data.pg_f12
                0x000005ce        0xa new_dds_lib.o
                0x000005ce                pg_f12
 .progmem.data.pg_n12
                0x000005d8        0xc new_dds_lib.o
                0x000005d8                pg_n12
 .progmem.data.f12_05
                0x000005e4       0x58 new_dds_lib.o
                0x000005e4                f12_05
 .progmem.data.n12_05
                0x0000063c        0xf new_dds_lib.o
                0x0000063c                n12_05
 .progmem.data.f12_04
                0x0000064b       0x54 new_dds_lib.o
                0x0000064b                f12_04
 .progmem.data.n12_04
                0x0000069f        0xf new_dds_lib.o
                0x0000069f                n12_04
 .progmem.data.f12_03
                0x000006ae       0x60 new_dds_lib.o
                0x000006ae                f12_03
 .progmem.data.n12_03
                0x0000070e        0xa new_dds_lib.o
                0x0000070e                n12_03
 .progmem.data.f12_02
                0x00000718       0x34 new_dds_lib.o
                0x00000718                f12_02
 .progmem.data.n12_02
                0x0000074c       0x10 new_dds_lib.o
                0x0000074c                n12_02
 .progmem.data.f12_01
                0x0000075c       0x6c new_dds_lib.o
                0x0000075c                f12_01
 .progmem.data.n12_01
                0x000007c8        0xb new_dds_lib.o
                0x000007c8                n12_01
 .progmem.data.pg_12
                0x000007d3        0xf new_dds_lib.o
                0x000007d3                pg_12
 .progmem.data.pg_t11
                0x000007e2        0x8 new_dds_lib.o
                0x000007e2                pg_t11
 .progmem.data.pg_j11
                0x000007ea        0x4 new_dds_lib.o
                0x000007ea                pg_j11
 .progmem.data.pg_f11
                0x000007ee        0x8 new_dds_lib.o
                0x000007ee                pg_f11
 .progmem.data.pg_n11
                0x000007f6        0xa new_dds_lib.o
                0x000007f6                pg_n11
 .progmem.data.f11_04
                0x00000800       0x64 new_dds_lib.o
                0x00000800                f11_04
 .progmem.data.n11_04
                0x00000864       0x10 new_dds_lib.o
                0x00000864                n11_04
 .progmem.data.f11_03
                0x00000874       0x28 new_dds_lib.o
                0x00000874                f11_03
 .progmem.data.n11_03
                0x0000089c       0x10 new_dds_lib.o
                0x0000089c                n11_03
 .progmem.data.f11_02
                0x000008ac       0x24 new_dds_lib.o
                0x000008ac                f11_02
 .progmem.data.n11_02
                0x000008d0        0xc new_dds_lib.o
                0x000008d0                n11_02
 .progmem.data.f11_01
                0x000008dc       0x40 new_dds_lib.o
                0x000008dc                f11_01
 .progmem.data.n11_01
                0x0000091c        0x7 new_dds_lib.o
                0x0000091c                n11_01
 .progmem.data.pg_11
                0x00000923        0xf new_dds_lib.o
                0x00000923                pg_11
 .progmem.data.pg_t10
                0x00000932        0xc new_dds_lib.o
                0x00000932                pg_t10
 .progmem.data.pg_j10
                0x0000093e        0x6 new_dds_lib.o
                0x0000093e                pg_j10
 .progmem.data.pg_f10
                0x00000944        0xc new_dds_lib.o
                0x00000944                pg_f10
 .progmem.data.pg_n10
                0x00000950        0xe new_dds_lib.o
                0x00000950                pg_n10
 .progmem.data.f10_06
                0x0000095e       0x34 new_dds_lib.o
                0x0000095e                f10_06
 .progmem.data.n10_06
                0x00000992        0x8 new_dds_lib.o
                0x00000992                n10_06
 .progmem.data.f10_05
                0x0000099a       0x18 new_dds_lib.o
                0x0000099a                f10_05
 .progmem.data.n10_05
                0x000009b2        0xa new_dds_lib.o
                0x000009b2                n10_05
 .progmem.data.f10_04
                0x000009bc       0x24 new_dds_lib.o
                0x000009bc                f10_04
 .progmem.data.n10_04
                0x000009e0       0x10 new_dds_lib.o
                0x000009e0                n10_04
 .progmem.data.f10_03
                0x000009f0       0x54 new_dds_lib.o
                0x000009f0                f10_03
 .progmem.data.n10_03
                0x00000a44        0xc new_dds_lib.o
                0x00000a44                n10_03
 .progmem.data.f10_02
                0x00000a50       0x54 new_dds_lib.o
                0x00000a50                f10_02
 .progmem.data.n10_02
                0x00000aa4       0x10 new_dds_lib.o
                0x00000aa4                n10_02
 .progmem.data.f10_01
                0x00000ab4       0x34 new_dds_lib.o
                0x00000ab4                f10_01
 .progmem.data.n10_01
                0x00000ae8        0xd new_dds_lib.o
                0x00000ae8                n10_01
 .progmem.data.pg_10
                0x00000af5        0xf new_dds_lib.o
                0x00000af5                pg_10
 .progmem.data.pg_t09
                0x00000b04        0x8 new_dds_lib.o
                0x00000b04                pg_t09
 .progmem.data.pg_j09
                0x00000b0c        0x4 new_dds_lib.o
                0x00000b0c                pg_j09
 .progmem.data.pg_f09
                0x00000b10        0x8 new_dds_lib.o
                0x00000b10                pg_f09
 .progmem.data.pg_n09
                0x00000b18        0xa new_dds_lib.o
                0x00000b18                pg_n09
 .progmem.data.f09_04
                0x00000b22       0x40 new_dds_lib.o
                0x00000b22                f09_04
 .progmem.data.n09_04
                0x00000b62        0x8 new_dds_lib.o
                0x00000b62                n09_04
 .progmem.data.f09_03
                0x00000b6a       0x60 new_dds_lib.o
                0x00000b6a                f09_03
 .progmem.data.n09_03
                0x00000bca        0xf new_dds_lib.o
                0x00000bca                n09_03
 .progmem.data.f09_02
                0x00000bd9       0x60 new_dds_lib.o
                0x00000bd9                f09_02
 .progmem.data.n09_02
                0x00000c39        0xd new_dds_lib.o
                0x00000c39                n09_02
 .progmem.data.f09_01
                0x00000c46       0xb8 new_dds_lib.o
                0x00000c46                f09_01
 .progmem.data.n09_01
                0x00000cfe        0x7 new_dds_lib.o
                0x00000cfe                n09_01
 .progmem.data.pg_09
                0x00000d05        0x8 new_dds_lib.o
                0x00000d05                pg_09
 .progmem.data.pg_t08
                0x00000d0d        0xc new_dds_lib.o
                0x00000d0d                pg_t08
 .progmem.data.pg_j08
                0x00000d19        0x6 new_dds_lib.o
                0x00000d19                pg_j08
 .progmem.data.pg_f08
                0x00000d1f        0xc new_dds_lib.o
                0x00000d1f                pg_f08
 .progmem.data.pg_n08
                0x00000d2b        0xe new_dds_lib.o
                0x00000d2b                pg_n08
 .progmem.data.f08_06
                0x00000d39       0x94 new_dds_lib.o
                0x00000d39                f08_06
 .progmem.data.n08_06
                0x00000dcd        0xc new_dds_lib.o
                0x00000dcd                n08_06
 .progmem.data.f08_05
                0x00000dd9       0x6c new_dds_lib.o
                0x00000dd9                f08_05
 .progmem.data.n08_05
                0x00000e45        0xe new_dds_lib.o
                0x00000e45                n08_05
 .progmem.data.f08_04
                0x00000e53       0x38 new_dds_lib.o
                0x00000e53                f08_04
 .progmem.data.n08_04
                0x00000e8b       0x10 new_dds_lib.o
                0x00000e8b                n08_04
 .progmem.data.f08_03
                0x00000e9b       0x5c new_dds_lib.o
                0x00000e9b                f08_03
 .progmem.data.n08_03
                0x00000ef7        0xe new_dds_lib.o
                0x00000ef7                n08_03
 .progmem.data.f08_02
                0x00000f05       0x4c new_dds_lib.o
                0x00000f05                f08_02
 .progmem.data.n08_02
                0x00000f51        0xc new_dds_lib.o
                0x00000f51                n08_02
 .progmem.data.f08_01
                0x00000f5d       0x40 new_dds_lib.o
                0x00000f5d                f08_01
 .progmem.data.n08_01
                0x00000f9d       0x10 new_dds_lib.o
                0x00000f9d                n08_01
 .progmem.data.pg_08
                0x00000fad       0x10 new_dds_lib.o
                0x00000fad                pg_08
 .progmem.data.pg_t07
                0x00000fbd       0x16 new_dds_lib.o
                0x00000fbd                pg_t07
 .progmem.data.pg_j07
                0x00000fd3        0xb new_dds_lib.o
                0x00000fd3                pg_j07
 .progmem.data.pg_f07
                0x00000fde       0x16 new_dds_lib.o
                0x00000fde                pg_f07
 .progmem.data.pg_n07
                0x00000ff4       0x18 new_dds_lib.o
                0x00000ff4                pg_n07
 .progmem.data.f07_11
                0x0000100c       0x44 new_dds_lib.o
                0x0000100c                f07_11
 .progmem.data.n07_11
                0x00001050       0x10 new_dds_lib.o
                0x00001050                n07_11
 .progmem.data.f07_10
                0x00001060       0x4c new_dds_lib.o
                0x00001060                f07_10
 .progmem.data.n07_10
                0x000010ac       0x10 new_dds_lib.o
                0x000010ac                n07_10
 .progmem.data.f07_09
                0x000010bc       0x60 new_dds_lib.o
                0x000010bc                f07_09
 .progmem.data.n07_09
                0x0000111c       0x10 new_dds_lib.o
                0x0000111c                n07_09
 .progmem.data.f07_08
                0x0000112c       0x40 new_dds_lib.o
                0x0000112c                f07_08
 .progmem.data.n07_08
                0x0000116c        0xe new_dds_lib.o
                0x0000116c                n07_08
 .progmem.data.f07_07
                0x0000117a       0x5c new_dds_lib.o
                0x0000117a                f07_07
 .progmem.data.n07_07
                0x000011d6        0x8 new_dds_lib.o
                0x000011d6                n07_07
 .progmem.data.f07_06
                0x000011de       0x34 new_dds_lib.o
                0x000011de                f07_06
 .progmem.data.n07_06
                0x00001212        0xb new_dds_lib.o
                0x00001212                n07_06
 .progmem.data.f07_05
                0x0000121d       0x60 new_dds_lib.o
                0x0000121d                f07_05
 .progmem.data.n07_05
                0x0000127d       0x10 new_dds_lib.o
                0x0000127d                n07_05
 .progmem.data.f07_04
                0x0000128d       0x2c new_dds_lib.o
                0x0000128d                f07_04
 .progmem.data.n07_04
                0x000012b9        0xe new_dds_lib.o
                0x000012b9                n07_04
 .progmem.data.f07_03
                0x000012c7       0x60 new_dds_lib.o
                0x000012c7                f07_03
 .progmem.data.n07_03
                0x00001327       0x10 new_dds_lib.o
                0x00001327                n07_03
 .progmem.data.f07_02
                0x00001337       0x50 new_dds_lib.o
                0x00001337                f07_02
 .progmem.data.n07_02
                0x00001387       0x10 new_dds_lib.o
                0x00001387                n07_02
 .progmem.data.f07_01
                0x00001397       0x70 new_dds_lib.o
                0x00001397                f07_01
 .progmem.data.n07_01
                0x00001407        0xf new_dds_lib.o
                0x00001407                n07_01
 .progmem.data.pg_07
                0x00001416        0xd new_dds_lib.o
                0x00001416                pg_07
 .progmem.data.pg_t06
                0x00001423       0x12 new_dds_lib.o
                0x00001423                pg_t06
 .progmem.data.pg_j06
                0x00001435        0x9 new_dds_lib.o
                0x00001435                pg_j06
 .progmem.data.pg_f06
                0x0000143e       0x12 new_dds_lib.o
                0x0000143e                pg_f06
 .progmem.data.pg_n06
                0x00001450       0x14 new_dds_lib.o
                0x00001450                pg_n06
 .progmem.data.f06_09
                0x00001464       0x3c new_dds_lib.o
                0x00001464                f06_09
 .progmem.data.n06_09
                0x000014a0        0xa new_dds_lib.o
                0x000014a0                n06_09
 .progmem.data.f06_08
                0x000014aa       0x38 new_dds_lib.o
                0x000014aa                f06_08
 .progmem.data.n06_08
                0x000014e2        0xb new_dds_lib.o
                0x000014e2                n06_08
 .progmem.data.f06_07
                0x000014ed       0x50 new_dds_lib.o
                0x000014ed                f06_07
 .progmem.data.n06_07
                0x0000153d        0x9 new_dds_lib.o
                0x0000153d                n06_07
 .progmem.data.f06_06
                0x00001546       0x2c new_dds_lib.o
                0x00001546                f06_06
 .progmem.data.n06_06
                0x00001572        0x5 new_dds_lib.o
                0x00001572                n06_06
 .progmem.data.f06_05
                0x00001577       0x50 new_dds_lib.o
                0x00001577                f06_05
 .progmem.data.n06_05
                0x000015c7        0x9 new_dds_lib.o
                0x000015c7                n06_05
 .progmem.data.f06_04
                0x000015d0       0x50 new_dds_lib.o
                0x000015d0                f06_04
 .progmem.data.n06_04
                0x00001620        0xa new_dds_lib.o
                0x00001620                n06_04
 .progmem.data.f06_03
                0x0000162a       0x40 new_dds_lib.o
                0x0000162a                f06_03
 .progmem.data.n06_03
                0x0000166a        0x8 new_dds_lib.o
                0x0000166a                n06_03
 .progmem.data.f06_02
                0x00001672       0x74 new_dds_lib.o
                0x00001672                f06_02
 .progmem.data.n06_02
                0x000016e6        0x7 new_dds_lib.o
                0x000016e6                n06_02
 .progmem.data.f06_01
                0x000016ed       0x64 new_dds_lib.o
                0x000016ed                f06_01
 .progmem.data.n06_01
                0x00001751        0x9 new_dds_lib.o
                0x00001751                n06_01
 .progmem.data.pg_06
                0x0000175a        0x4 new_dds_lib.o
                0x0000175a                pg_06
 .progmem.data.pg_t05
                0x0000175e        0xa new_dds_lib.o
                0x0000175e                pg_t05
 .progmem.data.pg_j05
                0x00001768        0x5 new_dds_lib.o
                0x00001768                pg_j05
 .progmem.data.pg_f05
                0x0000176d        0xa new_dds_lib.o
                0x0000176d                pg_f05
 .progmem.data.pg_n05
                0x00001777        0xc new_dds_lib.o
                0x00001777                pg_n05
 .progmem.data.f05_05
                0x00001783       0x90 new_dds_lib.o
                0x00001783                f05_05
 .progmem.data.n05_05
                0x00001813        0x7 new_dds_lib.o
                0x00001813                n05_05
 .progmem.data.f05_04
                0x0000181a       0x2c new_dds_lib.o
                0x0000181a                f05_04
 .progmem.data.n05_04
                0x00001846        0xb new_dds_lib.o
                0x00001846                n05_04
 .progmem.data.f05_03
                0x00001851       0x50 new_dds_lib.o
                0x00001851                f05_03
 .progmem.data.n05_03
                0x000018a1       0x10 new_dds_lib.o
                0x000018a1                n05_03
 .progmem.data.f05_02
                0x000018b1       0x80 new_dds_lib.o
                0x000018b1                f05_02
 .progmem.data.n05_02
                0x00001931       0x10 new_dds_lib.o
                0x00001931                n05_02
 .progmem.data.f05_01
                0x00001941       0x78 new_dds_lib.o
                0x00001941                f05_01
 .progmem.data.n05_01
                0x000019b9       0x10 new_dds_lib.o
                0x000019b9                n05_01
 .progmem.data.pg_05
                0x000019c9       0x10 new_dds_lib.o
                0x000019c9                pg_05
 .progmem.data.pg_t04
                0x000019d9        0xc new_dds_lib.o
                0x000019d9                pg_t04
 .progmem.data.pg_j04
                0x000019e5        0x6 new_dds_lib.o
                0x000019e5                pg_j04
 .progmem.data.pg_f04
                0x000019eb        0xc new_dds_lib.o
                0x000019eb                pg_f04
 .progmem.data.pg_n04
                0x000019f7        0xe new_dds_lib.o
                0x000019f7                pg_n04
 .progmem.data.f04_06
                0x00001a05       0x5c new_dds_lib.o
                0x00001a05                f04_06
 .progmem.data.n04_06
                0x00001a61       0x10 new_dds_lib.o
                0x00001a61                n04_06
 .progmem.data.f04_05
                0x00001a71       0x30 new_dds_lib.o
                0x00001a71                f04_05
 .progmem.data.n04_05
                0x00001aa1       0x10 new_dds_lib.o
                0x00001aa1                n04_05
 .progmem.data.f04_04
                0x00001ab1       0x34 new_dds_lib.o
                0x00001ab1                f04_04
 .progmem.data.n04_04
                0x00001ae5       0x10 new_dds_lib.o
                0x00001ae5                n04_04
 .progmem.data.f04_03
                0x00001af5       0x2c new_dds_lib.o
                0x00001af5                f04_03
 .progmem.data.n04_03
                0x00001b21       0x10 new_dds_lib.o
                0x00001b21                n04_03
 .progmem.data.f04_02
                0x00001b31       0x10 new_dds_lib.o
                0x00001b31                f04_02
 .progmem.data.n04_02
                0x00001b41       0x10 new_dds_lib.o
                0x00001b41                n04_02
 .progmem.data.f04_01
                0x00001b51       0x3c new_dds_lib.o
                0x00001b51                f04_01
 .progmem.data.n04_01
                0x00001b8d        0xc new_dds_lib.o
                0x00001b8d                n04_01
 .progmem.data.pg_04
                0x00001b99        0xc new_dds_lib.o
                0x00001b99                pg_04
 .progmem.data.pg_t03
                0x00001ba5       0x18 new_dds_lib.o
                0x00001ba5                pg_t03
 .progmem.data.pg_j03
                0x00001bbd        0xc new_dds_lib.o
                0x00001bbd                pg_j03
 .progmem.data.pg_f03
                0x00001bc9       0x18 new_dds_lib.o
                0x00001bc9                pg_f03
 .progmem.data.pg_n03
                0x00001be1       0x1a new_dds_lib.o
                0x00001be1                pg_n03
 .progmem.data.f03_12
                0x00001bfb       0x40 new_dds_lib.o
                0x00001bfb                f03_12
 .progmem.data.n03_12
                0x00001c3b        0x9 new_dds_lib.o
                0x00001c3b                n03_12
 .progmem.data.f03_11
                0x00001c44       0x24 new_dds_lib.o
                0x00001c44                f03_11
 .progmem.data.n03_11
                0x00001c68        0xa new_dds_lib.o
                0x00001c68                n03_11
 .progmem.data.f03_10
                0x00001c72       0x14 new_dds_lib.o
                0x00001c72                f03_10
 .progmem.data.n03_10
                0x00001c86        0xb new_dds_lib.o
                0x00001c86                n03_10
 .progmem.data.f03_09
                0x00001c91       0x48 new_dds_lib.o
                0x00001c91                f03_09
 .progmem.data.n03_09
                0x00001cd9        0x8 new_dds_lib.o
                0x00001cd9                n03_09
 .progmem.data.f03_08
                0x00001ce1       0x2c new_dds_lib.o
                0x00001ce1                f03_08
 .progmem.data.n03_08
                0x00001d0d        0xd new_dds_lib.o
                0x00001d0d                n03_08
 .progmem.data.f03_07
                0x00001d1a       0x18 new_dds_lib.o
                0x00001d1a                f03_07
 .progmem.data.n03_07
                0x00001d32        0xc new_dds_lib.o
                0x00001d32                n03_07
 .progmem.data.f03_06
                0x00001d3e       0x44 new_dds_lib.o
                0x00001d3e                f03_06
 .progmem.data.n03_06
                0x00001d82        0xa new_dds_lib.o
                0x00001d82                n03_06
 .progmem.data.f03_05
                0x00001d8c       0x40 new_dds_lib.o
                0x00001d8c                f03_05
 .progmem.data.n03_05
                0x00001dcc        0xb new_dds_lib.o
                0x00001dcc                n03_05
 .progmem.data.f03_04
                0x00001dd7       0x90 new_dds_lib.o
                0x00001dd7                f03_04
 .progmem.data.n03_04
                0x00001e67        0xb new_dds_lib.o
                0x00001e67                n03_04
 .progmem.data.f03_03
                0x00001e72      0x120 new_dds_lib.o
                0x00001e72                f03_03
 .progmem.data.n03_03
                0x00001f92        0xb new_dds_lib.o
                0x00001f92                n03_03
 .progmem.data.f03_02
                0x00001f9d       0x30 new_dds_lib.o
                0x00001f9d                f03_02
 .progmem.data.n03_02
                0x00001fcd       0x10 new_dds_lib.o
                0x00001fcd                n03_02
 .progmem.data.f03_01
                0x00001fdd       0x3c new_dds_lib.o
                0x00001fdd                f03_01
 .progmem.data.n03_01
                0x00002019        0xd new_dds_lib.o
                0x00002019                n03_01
 .progmem.data.pg_03
                0x00002026        0xf new_dds_lib.o
                0x00002026                pg_03
 .progmem.data.pg_t02
                0x00002035       0x1a new_dds_lib.o
                0x00002035                pg_t02
 .progmem.data.pg_j02
                0x0000204f        0xd new_dds_lib.o
                0x0000204f                pg_j02
 .progmem.data.pg_f02
                0x0000205c       0x1a new_dds_lib.o
                0x0000205c                pg_f02
 .progmem.data.pg_n02
                0x00002076       0x1c new_dds_lib.o
                0x00002076                pg_n02
 .progmem.data.f02_13
                0x00002092       0x28 new_dds_lib.o
                0x00002092                f02_13
 .progmem.data.n02_13
                0x000020ba        0x5 new_dds_lib.o
                0x000020ba                n02_13
 .progmem.data.f02_12
                0x000020bf       0x4c new_dds_lib.o
                0x000020bf                f02_12
 .progmem.data.n02_12
                0x0000210b        0x9 new_dds_lib.o
                0x0000210b                n02_12
 .progmem.data.f02_11
                0x00002114       0x5c new_dds_lib.o
                0x00002114                f02_11
 .progmem.data.n02_11
                0x00002170        0xa new_dds_lib.o
                0x00002170                n02_11
 .progmem.data.f02_10
                0x0000217a       0x94 new_dds_lib.o
                0x0000217a                f02_10
 .progmem.data.n02_10
                0x0000220e        0xa new_dds_lib.o
                0x0000220e                n02_10
 .progmem.data.f02_09
                0x00002218       0x48 new_dds_lib.o
                0x00002218                f02_09
 .progmem.data.n02_09
                0x00002260        0xa new_dds_lib.o
                0x00002260                n02_09
 .progmem.data.f02_08
                0x0000226a       0x60 new_dds_lib.o
                0x0000226a                f02_08
 .progmem.data.n02_08
                0x000022ca       0x10 new_dds_lib.o
                0x000022ca                n02_08
 .progmem.data.f02_07
                0x000022da       0x54 new_dds_lib.o
                0x000022da                f02_07
 .progmem.data.n02_07
                0x0000232e        0xd new_dds_lib.o
                0x0000232e                n02_07
 .progmem.data.f02_06
                0x0000233b       0xf4 new_dds_lib.o
                0x0000233b                f02_06
 .progmem.data.n02_06
                0x0000242f        0xd new_dds_lib.o
                0x0000242f                n02_06
 .progmem.data.f02_05
                0x0000243c       0x50 new_dds_lib.o
                0x0000243c                f02_05
 .progmem.data.n02_05
                0x0000248c        0x7 new_dds_lib.o
                0x0000248c                n02_05
 .progmem.data.f02_04
                0x00002493       0x68 new_dds_lib.o
                0x00002493                f02_04
 .progmem.data.n02_04
                0x000024fb        0xe new_dds_lib.o
                0x000024fb                n02_04
 .progmem.data.f02_03
                0x00002509       0x98 new_dds_lib.o
                0x00002509                f02_03
 .progmem.data.n02_03
                0x000025a1        0xe new_dds_lib.o
                0x000025a1                n02_03
 .progmem.data.f02_02
                0x000025af      0x108 new_dds_lib.o
                0x000025af                f02_02
 .progmem.data.n02_02
                0x000026b7        0xe new_dds_lib.o
                0x000026b7                n02_02
 .progmem.data.f02_01
                0x000026c5       0x70 new_dds_lib.o
                0x000026c5                f02_01
 .progmem.data.n02_01
                0x00002735       0x10 new_dds_lib.o
                0x00002735                n02_01
 .progmem.data.pg_02
                0x00002745        0xf new_dds_lib.o
                0x00002745                pg_02
 .progmem.data.pg_t01
                0x00002754       0x1c new_dds_lib.o
                0x00002754                pg_t01
 .progmem.data.pg_j01
                0x00002770        0xe new_dds_lib.o
                0x00002770                pg_j01
 .progmem.data.pg_f01
                0x0000277e       0x1c new_dds_lib.o
                0x0000277e                pg_f01
 .progmem.data.pg_n01
                0x0000279a       0x1e new_dds_lib.o
                0x0000279a                pg_n01
 .progmem.data.f01_14
                0x000027b8       0x34 new_dds_lib.o
                0x000027b8                f01_14
 .progmem.data.n01_14
                0x000027ec        0xc new_dds_lib.o
                0x000027ec                n01_14
 .progmem.data.f01_13
                0x000027f8       0x2c new_dds_lib.o
                0x000027f8                f01_13
 .progmem.data.n01_13
                0x00002824        0xb new_dds_lib.o
                0x00002824                n01_13
 .progmem.data.f01_12
                0x0000282f       0x18 new_dds_lib.o
                0x0000282f                f01_12
 .progmem.data.n01_12
                0x00002847       0x10 new_dds_lib.o
                0x00002847                n01_12
 .progmem.data.f01_11
                0x00002857       0x14 new_dds_lib.o
                0x00002857                f01_11
 .progmem.data.n01_11
                0x0000286b       0x10 new_dds_lib.o
                0x0000286b                n01_11
 .progmem.data.f01_10
                0x0000287b       0x14 new_dds_lib.o
                0x0000287b                f01_10
 .progmem.data.n01_10
                0x0000288f        0xc new_dds_lib.o
                0x0000288f                n01_10
 .progmem.data.f01_09
                0x0000289b       0x24 new_dds_lib.o
                0x0000289b                f01_09
 .progmem.data.n01_09
                0x000028bf        0xe new_dds_lib.o
                0x000028bf                n01_09
 .progmem.data.f01_08
                0x000028cd       0x38 new_dds_lib.o
                0x000028cd                f01_08
 .progmem.data.n01_08
                0x00002905        0xb new_dds_lib.o
                0x00002905                n01_08
 .progmem.data.f01_07
                0x00002910       0x44 new_dds_lib.o
                0x00002910                f01_07
 .progmem.data.n01_07
                0x00002954        0x9 new_dds_lib.o
                0x00002954                n01_07
 .progmem.data.f01_06
                0x0000295d       0x34 new_dds_lib.o
                0x0000295d                f01_06
 .progmem.data.n01_06
                0x00002991        0xf new_dds_lib.o
                0x00002991                n01_06
 .progmem.data.f01_05
                0x000029a0       0x20 new_dds_lib.o
                0x000029a0                f01_05
 .progmem.data.n01_05
                0x000029c0        0xd new_dds_lib.o
                0x000029c0                n01_05
 .progmem.data.f01_04
                0x000029cd       0x14 new_dds_lib.o
                0x000029cd                f01_04
 .progmem.data.n01_04
                0x000029e1        0xa new_dds_lib.o
                0x000029e1                n01_04
 .progmem.data.f01_03
                0x000029eb       0x50 new_dds_lib.o
                0x000029eb                f01_03
 .progmem.data.n01_03
                0x00002a3b        0xf new_dds_lib.o
                0x00002a3b                n01_03
 .progmem.data.f01_02
                0x00002a4a       0x8c new_dds_lib.o
                0x00002a4a                f01_02
 .progmem.data.n01_02
                0x00002ad6       0x10 new_dds_lib.o
                0x00002ad6                n01_02
 .progmem.data.f01_01
                0x00002ae6       0x18 new_dds_lib.o
                0x00002ae6                f01_01
 .progmem.data.n01_01
                0x00002afe       0x10 new_dds_lib.o
                0x00002afe                n01_01
 .progmem.data.pg_01
                0x00002b0e       0x10 new_dds_lib.o
                0x00002b0e                pg_01
 .progmem.data.sound2_freqs
                0x00002b1e       0x1a sound2.o
                0x00002b1e                sound2_freqs
                0x00002b38                . = ALIGN (0x2)
 *(.jumptables)
 *(.jumptables*)
 *(.lowtext)
 *(.lowtext*)
                0x00002b38                __ctors_start = .
 *(.ctors)
                0x00002b38                __ctors_end = .
                0x00002b38                __dtors_start = .
 *(.dtors)
                0x00002b38                __dtors_end = .
 SORT(*)(.ctors)
 SORT(*)(.dtors)
 *(.init0)
 .init0         0x00002b38        0x0 C:/Program Files (x86)/Atmel/Studio/7.0/Packs/atmel/ATmega_DFP/1.2.150/gcc/dev/atmega328p/avr5/crtatmega328p.o
                0x00002b38                __init
 *(.init0)
 *(.init1)
 *(.init1)
 *(.init2)
 .init2         0x00002b38        0xc C:/Program Files (x86)/Atmel/Studio/7.0/Packs/atmel/ATmega_DFP/1.2.150/gcc/dev/atmega328p/avr5/crtatmega328p.o
 *(.init2)
 *(.init3)
 *(.init3)
 *(.init4)
 .init4         0x00002b44       0x10 c:/program files (x86)/atmel/studio/7.0/toolchain/avr8/avr8-gnu-toolchain/bin/../lib/gcc/avr/5.4.0/avr5\libgcc.a(_clear_bss.o)
                0x00002b44                __do_clear_bss
 *(.init4)
 *(.init5)
 *(.init5)
 *(.init6)
 *(.init6)
 *(.init7)
 *(.init7)
 *(.init8)
 *(.init8)
 *(.init9)
 .init9         0x00002b54        0x8 C:/Program Files (x86)/Atmel/Studio/7.0/Packs/atmel/ATmega_DFP/1.2.150/gcc/dev/atmega328p/avr5/crtatmega328p.o
 *(.init9)
 *(.text)
 .text          0x00002b5c        0x4 C:/Program Files (x86)/Atmel/Studio/7.0/Packs/atmel/ATmega_DFP/1.2.150/gcc/dev/atmega328p/avr5/crtatmega328p.o
                0x00002b5c                __vector_22
                0x00002b5c                __vector_1
                0x00002b5c                __vector_24
                0x00002b5c                __vector_12
                0x00002b5c                __bad_interrupt
                0x00002b5c                __vector_6
                0x00002b5c                __vector_3
                0x00002b5c                __vector_23
                0x00002b5c                __vector_25
                0x00002b5c                __vector_13
                0x00002b5c                __vector_17
                0x00002b5c                __vector_19
                0x00002b5c                __vector_7
                0x00002b5c                __vector_5
                0x00002b5c                __vector_4
                0x00002b5c                __vector_9
                0x00002b5c                __vector_2
                0x00002b5c                __vector_21
                0x00002b5c                __vector_15
                0x00002b5c                __vector_8
                0x00002b5c                __vector_14
                0x00002b5c                __vector_10
                0x00002b5c                __vector_16
                0x00002b5c                __vector_18
                0x00002b5c                __vector_20
                0x00002b60                . = ALIGN (0x2)
 *(.text.*)
 .text.get_b    0x00002b60       0x32 ee_freq_lib.o
                0x00002b60                get_b
 .text.ee_max_pointer
                0x00002b92       0x2e ee_freq_lib.o
                0x00002b92                ee_max_pointer
 .text.ee_all_names
                0x00002bc0       0x6a ee_freq_lib.o
                0x00002bc0                ee_all_names
 .text.find_n   0x00002c2a       0x48 ee_freq_lib.o
                0x00002c2a                find_n
 .text.ee_name  0x00002c72        0x8 ee_freq_lib.o
                0x00002c72                ee_name
 .text.ee_sec   0x00002c7a        0xa ee_freq_lib.o
                0x00002c7a                ee_sec
 .text.ee_num   0x00002c84        0x8 ee_freq_lib.o
                0x00002c84                ee_num
 .text.ee_freqs
                0x00002c8c        0x8 ee_freq_lib.o
                0x00002c8c                ee_freqs
 .text.ee_count
                0x00002c94        0xa ee_freq_lib.o
                0x00002c94                ee_count
 .text.ee_dec_count
                0x00002c9e       0x22 ee_freq_lib.o
                0x00002c9e                ee_dec_count
 .text.ee_pc_communicate
                0x00002cc0      0x16e ee_freq_lib.o
                0x00002cc0                ee_pc_communicate
 .text.encoder_init
                0x00002e2e        0xe encoder_lib.o
                0x00002e2e                encoder_init
 .text.encoder_chek
                0x00002e3c       0x66 encoder_lib.o
                0x00002e3c                encoder_chek
 .text.is_encoder_press
                0x00002ea2        0xc encoder_lib.o
                0x00002ea2                is_encoder_press
 .text._lcd_i2c_wait
                0x00002eae        0xa lcd_lib.o
                0x00002eae                _lcd_i2c_wait
 .text._lcd_i2c_start
                0x00002eb8        0xa lcd_lib.o
                0x00002eb8                _lcd_i2c_start
 .text._lcd_i2c_send
                0x00002ec2        0xe lcd_lib.o
                0x00002ec2                _lcd_i2c_send
 .text._lcd_i2c_write
                0x00002ed0       0x20 lcd_lib.o
                0x00002ed0                _lcd_i2c_write
 .text._lcd_init
                0x00002ef0       0x20 lcd_lib.o
                0x00002ef0                _lcd_init
 .text._write4bits
                0x00002f10       0x2c lcd_lib.o
                0x00002f10                _write4bits
 .text.lcd_write
                0x00002f3c       0x34 lcd_lib.o
                0x00002f3c                lcd_write
 .text._command
                0x00002f70       0x24 lcd_lib.o
                0x00002f70                _command
 .text.lcd_init
                0x00002f94       0x5e lcd_lib.o
                0x00002f94                lcd_init
 .text.lcd_clear
                0x00002ff2       0x1c lcd_lib.o
                0x00002ff2                lcd_clear
 .text.lcd_gotoxy
                0x0000300e       0x2c lcd_lib.o
                0x0000300e                lcd_gotoxy
 .text.lcd_create_char
                0x0000303a       0x4c lcd_lib.o
                0x0000303a                lcd_create_char
 .text.lcd_print_int
                0x00003086       0x96 lcd_lib.o
                0x00003086                lcd_print_int
 .text.lcd_print_time
                0x0000311c       0x4e lcd_lib.o
                0x0000311c                lcd_print_time
 .text.lcd_rus_clear
                0x0000316a       0x1c lcd_rus_lib.o
                0x0000316a                lcd_rus_clear
 .text.lcd_rus_write
                0x00003186       0x80 lcd_rus_lib.o
                0x00003186                lcd_rus_write
 .text.lcd_rus_print_string
                0x00003206       0x18 lcd_rus_lib.o
                0x00003206                lcd_rus_print_string
 .text.lcd_rus_print_flash
                0x0000321e       0x1e lcd_rus_lib.o
                0x0000321e                lcd_rus_print_flash
 .text.lcd_rus_print_eeprom
                0x0000323c       0x2a lcd_rus_lib.o
                0x0000323c                lcd_rus_print_eeprom
 .text.splash   0x00003266       0x24 main.o
                0x00003266                splash
 .text.startup.main
                0x0000328a       0x9a main.o
                0x0000328a                main
 .text.menu_redraw
                0x00003324       0x8e menu_lib.o
                0x00003324                menu_redraw
 .text.menu_mark
                0x000033b2       0x14 menu_lib.o
                0x000033b2                menu_mark
 .text.menu_get
                0x000033c6      0x172 menu_lib.o
                0x000033c6                menu_get
 .text.print_process
                0x00003538       0x52 new_dds_lib.o
                0x00003538                print_process
 .text.start_programm
                0x0000358a       0x50 new_dds_lib.o
                0x0000358a                start_programm
 .text.end_programm
                0x000035da       0x36 new_dds_lib.o
                0x000035da                end_programm
 .text.break_programm
                0x00003610       0x14 new_dds_lib.o
                0x00003610                break_programm
 .text.time_out_programm
                0x00003624       0x14 new_dds_lib.o
                0x00003624                time_out_programm
 .text.hack_init
                0x00003638       0x24 new_dds_lib.o
                0x00003638                hack_init
 .text.hack_set_delta
                0x0000365c       0x94 new_dds_lib.o
                0x0000365c                hack_set_delta
 .text.hack_reset
                0x000036f0       0x16 new_dds_lib.o
                0x000036f0                hack_reset
 .text.hack_4s_dds
                0x00003706       0x16 new_dds_lib.o
                0x00003706                hack_4s_dds
 .text.play_programm
                0x0000371c      0x1dc new_dds_lib.o
                0x0000371c                play_programm
 .text.__vector_11
                0x000038f8        0x6 new_dds_lib.o
                0x000038f8                __vector_11
 .text.serial_rx
                0x000038fe       0x16 serial_lib.o
                0x000038fe                serial_rx
 .text.serial_tx
                0x00003914        0xe serial_lib.o
                0x00003914                serial_tx
 .text.serial_init
                0x00003922       0x20 serial_lib.o
                0x00003922                serial_init
 .text.serial_disable
                0x00003942        0x8 serial_lib.o
                0x00003942                serial_disable
 .text.sound2_play
                0x0000394a       0xce sound2.o
                0x0000394a                sound2_play
 .text.sound2_mute
                0x00003a18        0x8 sound2.o
                0x00003a18                sound2_mute
 .text.sound2_delay1ms
                0x00003a20       0x16 sound2.o
                0x00003a20                sound2_delay1ms
 .text.sound2_beep
                0x00003a36       0x24 sound2.o
                0x00003a36                sound2_beep
 .text.sound2_melody
                0x00003a5a       0x6c sound2.o
                0x00003a5a                sound2_melody
 .text.libgcc.div
                0x00003ac6       0x28 c:/program files (x86)/atmel/studio/7.0/toolchain/avr8/avr8-gnu-toolchain/bin/../lib/gcc/avr/5.4.0/avr5\libgcc.a(_udivmodhi4.o)
                0x00003ac6                __udivmodhi4
 .text.libgcc.div
                0x00003aee       0x44 c:/program files (x86)/atmel/studio/7.0/toolchain/avr8/avr8-gnu-toolchain/bin/../lib/gcc/avr/5.4.0/avr5\libgcc.a(_udivmodsi4.o)
                0x00003aee                __udivmodsi4
 .text.libgcc.div
                0x00003b32       0x2e c:/program files (x86)/atmel/studio/7.0/toolchain/avr8/avr8-gnu-toolchain/bin/../lib/gcc/avr/5.4.0/avr5\libgcc.a(_divmodsi4.o)
                0x00003b32                __divmodsi4
 .text.libgcc.div
                0x00003b60       0x10 c:/program files (x86)/atmel/studio/7.0/toolchain/avr8/avr8-gnu-toolchain/bin/../lib/gcc/avr/5.4.0/avr5\libgcc.a(_negsi2.o)
                0x00003b60                __negsi2
 .text.libgcc.mul
                0x00003b70       0x1e c:/program files (x86)/atmel/studio/7.0/toolchain/avr8/avr8-gnu-toolchain/bin/../lib/gcc/avr/5.4.0/avr5\libgcc.a(_umulhisi3.o)
                0x00003b70                __umulhisi3
 .text.libgcc.mul
                0x00003b8e       0x56 c:/program files (x86)/atmel/studio/7.0/toolchain/avr8/avr8-gnu-toolchain/bin/../lib/gcc/avr/5.4.0/avr5\libgcc.a(_umulsidi3.o)
                0x00003b8e                __umulsidi3
                0x00003b90                __umulsidi3_helper
 .text.libgcc.div
                0x00003be4       0x1c c:/program files (x86)/atmel/studio/7.0/toolchain/avr8/avr8-gnu-toolchain/bin/../lib/gcc/avr/5.4.0/avr5\libgcc.a(_udivdi3.o)
                0x00003be4                __umoddi3
                0x00003be8                __udivdi3
                0x00003bea                __udivdi3_umoddi3
 .text.libgcc.div
                0x00003c00       0xa2 c:/program files (x86)/atmel/studio/7.0/toolchain/avr8/avr8-gnu-toolchain/bin/../lib/gcc/avr/5.4.0/avr5\libgcc.a(_udivmod64.o)
                0x00003c00                __udivmod64
 .text.libgcc.mul
                0x00003ca2       0x12 c:/program files (x86)/atmel/studio/7.0/toolchain/avr8/avr8-gnu-toolchain/bin/../lib/gcc/avr/5.4.0/avr5\libgcc.a(_muldi3_6.o)
                0x00003ca2                __muldi3_6
 .text.avr-libc
                0x00003cb4       0x10 C:/Program Files (x86)/Atmel/Studio/7.0/Packs/atmel/ATmega_DFP/1.2.150/gcc/dev/atmega328p/avr5\libatmega328p.a(eerd_byte.o)
                0x00003cb4                eeprom_read_byte
 .text.avr-libc
                0x00003cc4        0xc C:/Program Files (x86)/Atmel/Studio/7.0/Packs/atmel/ATmega_DFP/1.2.150/gcc/dev/atmega328p/avr5\libatmega328p.a(eerd_dword.o)
                0x00003cc4                eeprom_read_float
                0x00003cc4                eeprom_read_dword
 .text.avr-libc
                0x00003cd0        0xc C:/Program Files (x86)/Atmel/Studio/7.0/Packs/atmel/ATmega_DFP/1.2.150/gcc/dev/atmega328p/avr5\libatmega328p.a(eerd_word.o)
                0x00003cd0                eeprom_read_word
 .text.avr-libc
                0x00003cdc       0x1c C:/Program Files (x86)/Atmel/Studio/7.0/Packs/atmel/ATmega_DFP/1.2.150/gcc/dev/atmega328p/avr5\libatmega328p.a(eewr_byte.o)
                0x00003cdc                eeprom_write_byte
                0x00003cde                eeprom_write_r18
 .text.avr-libc
                0x00003cf8       0x20 C:/Program Files (x86)/Atmel/Studio/7.0/Packs/atmel/ATmega_DFP/1.2.150/gcc/dev/atmega328p/avr5\libatmega328p.a(eerd_block.o)
                0x00003cf8                eeprom_read_block
                0x00003cfc                eeprom_read_blraw
                0x00003d18                . = ALIGN (0x2)
 *(.fini9)
 .fini9         0x00003d18        0x0 c:/program files (x86)/atmel/studio/7.0/toolchain/avr8/avr8-gnu-toolchain/bin/../lib/gcc/avr/5.4.0/avr5\libgcc.a(_exit.o)
                0x00003d18                _exit
                0x00003d18                exit
 *(.fini9)
 *(.fini8)
 *(.fini8)
 *(.fini7)
 *(.fini7)
 *(.fini6)
 *(.fini6)
 *(.fini5)
 *(.fini5)
 *(.fini4)
 *(.fini4)
 *(.fini3)
 *(.fini3)
 *(.fini2)
 *(.fini2)
 *(.fini1)
 *(.fini1)
 *(.fini0)
 .fini0         0x00003d18        0x4 c:/program files (x86)/atmel/studio/7.0/toolchain/avr8/avr8-gnu-toolchain/bin/../lib/gcc/avr/5.4.0/avr5\libgcc.a(_exit.o)
 *(.fini0)
                0x00003d1c                _etext = .

.data           0x00800100        0x0 load address 0x00003d1c
                [!provide]                PROVIDE (__data_start, .)
 *(.data)
 *(.data*)
 *(.gnu.linkonce.d*)
 *(.rodata)
 *(.rodata*)
 *(.gnu.linkonce.r*)
                0x00800100                . = ALIGN (0x2)
                0x00800100                _edata = .
                [!provide]                PROVIDE (__data_end, .)

.bss            0x00800100       0x50
                0x00800100                PROVIDE (__bss_start, .)
 *(.bss)
 *(.bss*)
 .bss.t_cnt.1744
                0x00800100        0x1 encoder_lib.o
 .bss.nn.1743   0x00800101        0x1 encoder_lib.o
 .bss.enc_A_prev.1742
                0x00800102        0x1 encoder_lib.o
 .bss._y        0x00800103        0x1 lcd_lib.o
                0x00800103                _y
 .bss._x        0x00800104        0x1 lcd_lib.o
                0x00800104                _x
 .bss._cur_index
                0x00800105        0x1 lcd_rus_lib.o
                0x00800105                _cur_index
 .bss._index    0x00800106        0x8 lcd_rus_lib.o
                0x00800106                _index
 *(COMMON)
 COMMON         0x0080010e       0x42 ee_freq_lib.o
                0x0080010e                _ee_names
                0x00800150                PROVIDE (__bss_end, .)
                0x00003d1c                __data_load_start = LOADADDR (.data)
                0x00003d1c                __data_load_end = (__data_load_start + SIZEOF (.data))

.noinit         0x00800150        0x0
                [!provide]                PROVIDE (__noinit_start, .)
 *(.noinit*)
                [!provide]                PROVIDE (__noinit_end, .)
                0x00800150                _end = .
                [!provide]                PROVIDE (__heap_start, .)

.eeprom         0x00810000        0x0
 *(.eeprom*)
                0x00810000                __eeprom_end = .

.fuse
 *(.fuse)
 *(.lfuse)
 *(.hfuse)
 *(.efuse)

.lock
 *(.lock*)

.signature
 *(.signature*)

.user_signatures
 *(.user_signatures*)

.stab
 *(.stab)

.stabstr
 *(.stabstr)

.stab.excl
 *(.stab.excl)

.stab.exclstr
 *(.stab.exclstr)

.stab.index
 *(.stab.index)

.stab.indexstr
 *(.stab.indexstr)

.comment        0x00000000       0x30
 *(.comment)
 .comment       0x00000000       0x30 ee_freq_lib.o
                                 0x31 (size before relaxing)
 .comment       0x00000030       0x31 encoder_lib.o
 .comment       0x00000030       0x31 lcd_lib.o
 .comment       0x00000030       0x31 lcd_rus_lib.o
 .comment       0x00000030       0x31 main.o
 .comment       0x00000030       0x31 menu_lib.o
 .comment       0x00000030       0x31 new_dds_lib.o
 .comment       0x00000030       0x31 serial_lib.o
 .comment       0x00000030       0x31 sound2.o

.note.gnu.avr.deviceinfo
                0x00000000       0x40
 .note.gnu.avr.deviceinfo
                0x00000000       0x40 C:/Program Files (x86)/Atmel/Studio/7.0/Packs/atmel/ATmega_DFP/1.2.150/gcc/dev/atmega328p/avr5/crtatmega328p.o

.note.gnu.build-id
 *(.note.gnu.build-id)

.debug
 *(.debug)

.line
 *(.line)

.debug_srcinfo
 *(.debug_srcinfo)

.debug_sfnames
 *(.debug_sfnames)

.debug_aranges  0x00000000       0xa0
 *(.debug_aranges)
 .debug_aranges
                0x00000000       0x20 C:/Program Files (x86)/Atmel/Studio/7.0/Packs/atmel/ATmega_DFP/1.2.150/gcc/dev/atmega328p/avr5\libatmega328p.a(eerd_byte.o)
 .debug_aranges
                0x00000020       0x20 C:/Program Files (x86)/Atmel/Studio/7.0/Packs/atmel/ATmega_DFP/1.2.150/gcc/dev/atmega328p/avr5\libatmega328p.a(eerd_dword.o)
 .debug_aranges
                0x00000040       0x20 C:/Program Files (x86)/Atmel/Studio/7.0/Packs/atmel/ATmega_DFP/1.2.150/gcc/dev/atmega328p/avr5\libatmega328p.a(eerd_word.o)
 .debug_aranges
                0x00000060       0x20 C:/Program Files (x86)/Atmel/Studio/7.0/Packs/atmel/ATmega_DFP/1.2.150/gcc/dev/atmega328p/avr5\libatmega328p.a(eewr_byte.o)
 .debug_aranges
                0x00000080       0x20 C:/Program Files (x86)/Atmel/Studio/7.0/Packs/atmel/ATmega_DFP/1.2.150/gcc/dev/atmega328p/avr5\libatmega328p.a(eerd_block.o)

.debug_pubnames
 *(.debug_pubnames)

.debug_info     0x00000000      0x952
 *(.debug_info .gnu.linkonce.wi.*)
 .debug_info    0x00000000      0x5f4 C:/Program Files (x86)/Atmel/Studio/7.0/Packs/atmel/ATmega_DFP/1.2.150/gcc/dev/atmega328p/avr5/crtatmega328p.o
 .debug_info    0x000005f4       0xac C:/Program Files (x86)/Atmel/Studio/7.0/Packs/atmel/ATmega_DFP/1.2.150/gcc/dev/atmega328p/avr5\libatmega328p.a(eerd_byte.o)
 .debug_info    0x000006a0       0xad C:/Program Files (x86)/Atmel/Studio/7.0/Packs/atmel/ATmega_DFP/1.2.150/gcc/dev/atmega328p/avr5\libatmega328p.a(eerd_dword.o)
 .debug_info    0x0000074d       0xac C:/Program Files (x86)/Atmel/Studio/7.0/Packs/atmel/ATmega_DFP/1.2.150/gcc/dev/atmega328p/avr5\libatmega328p.a(eerd_word.o)
 .debug_info    0x000007f9       0xac C:/Program Files (x86)/Atmel/Studio/7.0/Packs/atmel/ATmega_DFP/1.2.150/gcc/dev/atmega328p/avr5\libatmega328p.a(eewr_byte.o)
 .debug_info    0x000008a5       0xad C:/Program Files (x86)/Atmel/Studio/7.0/Packs/atmel/ATmega_DFP/1.2.150/gcc/dev/atmega328p/avr5\libatmega328p.a(eerd_block.o)

.debug_abbrev   0x00000000      0x606
 *(.debug_abbrev)
 .debug_abbrev  0x00000000      0x5a2 C:/Program Files (x86)/Atmel/Studio/7.0/Packs/atmel/ATmega_DFP/1.2.150/gcc/dev/atmega328p/avr5/crtatmega328p.o
 .debug_abbrev  0x000005a2       0x14 C:/Program Files (x86)/Atmel/Studio/7.0/Packs/atmel/ATmega_DFP/1.2.150/gcc/dev/atmega328p/avr5\libatmega328p.a(eerd_byte.o)
 .debug_abbrev  0x000005b6       0x14 C:/Program Files (x86)/Atmel/Studio/7.0/Packs/atmel/ATmega_DFP/1.2.150/gcc/dev/atmega328p/avr5\libatmega328p.a(eerd_dword.o)
 .debug_abbrev  0x000005ca       0x14 C:/Program Files (x86)/Atmel/Studio/7.0/Packs/atmel/ATmega_DFP/1.2.150/gcc/dev/atmega328p/avr5\libatmega328p.a(eerd_word.o)
 .debug_abbrev  0x000005de       0x14 C:/Program Files (x86)/Atmel/Studio/7.0/Packs/atmel/ATmega_DFP/1.2.150/gcc/dev/atmega328p/avr5\libatmega328p.a(eewr_byte.o)
 .debug_abbrev  0x000005f2       0x14 C:/Program Files (x86)/Atmel/Studio/7.0/Packs/atmel/ATmega_DFP/1.2.150/gcc/dev/atmega328p/avr5\libatmega328p.a(eerd_block.o)

.debug_line     0x00000000      0x3c5
 *(.debug_line .debug_line.* .debug_line_end)
 .debug_line    0x00000000      0x133 C:/Program Files (x86)/Atmel/Studio/7.0/Packs/atmel/ATmega_DFP/1.2.150/gcc/dev/atmega328p/avr5/crtatmega328p.o
 .debug_line    0x00000133       0x7a C:/Program Files (x86)/Atmel/Studio/7.0/Packs/atmel/ATmega_DFP/1.2.150/gcc/dev/atmega328p/avr5\libatmega328p.a(eerd_byte.o)
 .debug_line    0x000001ad       0x68 C:/Program Files (x86)/Atmel/Studio/7.0/Packs/atmel/ATmega_DFP/1.2.150/gcc/dev/atmega328p/avr5\libatmega328p.a(eerd_dword.o)
 .debug_line    0x00000215       0x67 C:/Program Files (x86)/Atmel/Studio/7.0/Packs/atmel/ATmega_DFP/1.2.150/gcc/dev/atmega328p/avr5\libatmega328p.a(eerd_word.o)
 .debug_line    0x0000027c       0x9e C:/Program Files (x86)/Atmel/Studio/7.0/Packs/atmel/ATmega_DFP/1.2.150/gcc/dev/atmega328p/avr5\libatmega328p.a(eewr_byte.o)
 .debug_line    0x0000031a       0xab C:/Program Files (x86)/Atmel/Studio/7.0/Packs/atmel/ATmega_DFP/1.2.150/gcc/dev/atmega328p/avr5\libatmega328p.a(eerd_block.o)

.debug_frame
 *(.debug_frame)

.debug_str      0x00000000      0x208
 *(.debug_str)
 .debug_str     0x00000000      0x208 C:/Program Files (x86)/Atmel/Studio/7.0/Packs/atmel/ATmega_DFP/1.2.150/gcc/dev/atmega328p/avr5/crtatmega328p.o

.debug_loc
 *(.debug_loc)

.debug_macinfo
 *(.debug_macinfo)

.debug_weaknames
 *(.debug_weaknames)

.debug_funcnames
 *(.debug_funcnames)

.debug_typenames
 *(.debug_typenames)

.debug_varnames
 *(.debug_varnames)

.debug_pubtypes
 *(.debug_pubtypes)

.debug_ranges
 *(.debug_ranges)

.debug_macro
 *(.debug_macro)
OUTPUT(electron_1m_full.elf elf32-avr)
LOAD linker stubs
